Archive member included to satisfy reference by file (symbol)

/usr/lib/gcc/arm-none-eabi/10.3.1/../../../arm-none-eabi/lib/thumb/v6-m/nofp/libstdc++.a(class_type_info.o)
                              CMakeFiles/jester.dir/PicoLED/PicoLedTarget.cpp.obj (vtable for __cxxabiv1::__class_type_info)
/usr/lib/gcc/arm-none-eabi/10.3.1/../../../arm-none-eabi/lib/thumb/v6-m/nofp/libstdc++.a(del_ops.o)
                              CMakeFiles/jester.dir/PicoLED/PicoLedTarget.cpp.obj (operator delete(void*, unsigned int))
/usr/lib/gcc/arm-none-eabi/10.3.1/../../../arm-none-eabi/lib/thumb/v6-m/nofp/libstdc++.a(del_opv.o)
                              CMakeFiles/jester.dir/PicoLED/Effects/Particles.cpp.obj (operator delete[](void*))
/usr/lib/gcc/arm-none-eabi/10.3.1/../../../arm-none-eabi/lib/thumb/v6-m/nofp/libstdc++.a(eh_arm.o)
                              CMakeFiles/jester.dir/PicoLED/PicoLedController.cpp.obj (__cxa_end_cleanup)
/usr/lib/gcc/arm-none-eabi/10.3.1/../../../arm-none-eabi/lib/thumb/v6-m/nofp/libstdc++.a(eh_aux_runtime.o)
                              CMakeFiles/jester.dir/PicoLED/PioStrip.cpp.obj (__cxa_throw_bad_array_new_length)
/usr/lib/gcc/arm-none-eabi/10.3.1/../../../arm-none-eabi/lib/thumb/v6-m/nofp/libstdc++.a(eh_catch.o)
                              CMakeFiles/jester.dir/PicoLED/PicoLedController.cpp.obj (__cxa_begin_catch)
/usr/lib/gcc/arm-none-eabi/10.3.1/../../../arm-none-eabi/lib/thumb/v6-m/nofp/libstdc++.a(eh_exception.o)
                              /usr/lib/gcc/arm-none-eabi/10.3.1/../../../arm-none-eabi/lib/thumb/v6-m/nofp/libstdc++.a(eh_arm.o) (typeinfo for __cxxabiv1::__forced_unwind)
/usr/lib/gcc/arm-none-eabi/10.3.1/../../../arm-none-eabi/lib/thumb/v6-m/nofp/libstdc++.a(eh_globals.o)
                              /usr/lib/gcc/arm-none-eabi/10.3.1/../../../arm-none-eabi/lib/thumb/v6-m/nofp/libstdc++.a(eh_catch.o) (__cxa_get_globals_fast)
/usr/lib/gcc/arm-none-eabi/10.3.1/../../../arm-none-eabi/lib/thumb/v6-m/nofp/libstdc++.a(eh_personality.o)
                              CMakeFiles/jester.dir/PicoLED/PicoLedController.cpp.obj (__gxx_personality_v0)
/usr/lib/gcc/arm-none-eabi/10.3.1/../../../arm-none-eabi/lib/thumb/v6-m/nofp/libstdc++.a(eh_terminate.o)
                              /usr/lib/gcc/arm-none-eabi/10.3.1/../../../arm-none-eabi/lib/thumb/v6-m/nofp/libstdc++.a(eh_arm.o) (std::terminate())
/usr/lib/gcc/arm-none-eabi/10.3.1/../../../arm-none-eabi/lib/thumb/v6-m/nofp/libstdc++.a(eh_throw.o)
                              /usr/lib/gcc/arm-none-eabi/10.3.1/../../../arm-none-eabi/lib/thumb/v6-m/nofp/libstdc++.a(eh_aux_runtime.o) (__cxa_throw)
/usr/lib/gcc/arm-none-eabi/10.3.1/../../../arm-none-eabi/lib/thumb/v6-m/nofp/libstdc++.a(eh_unex_handler.o)
                              /usr/lib/gcc/arm-none-eabi/10.3.1/../../../arm-none-eabi/lib/thumb/v6-m/nofp/libstdc++.a(eh_terminate.o) (__cxxabiv1::__unexpected_handler)
/usr/lib/gcc/arm-none-eabi/10.3.1/../../../arm-none-eabi/lib/thumb/v6-m/nofp/libstdc++.a(new_op.o)
                              CMakeFiles/jester.dir/PicoLED/PicoLedController.cpp.obj (operator new(unsigned int))
/usr/lib/gcc/arm-none-eabi/10.3.1/../../../arm-none-eabi/lib/thumb/v6-m/nofp/libstdc++.a(new_opv.o)
                              CMakeFiles/jester.dir/PicoLED/PioStrip.cpp.obj (operator new[](unsigned int))
/usr/lib/gcc/arm-none-eabi/10.3.1/../../../arm-none-eabi/lib/thumb/v6-m/nofp/libstdc++.a(pure.o)
                              /usr/lib/gcc/arm-none-eabi/10.3.1/../../../arm-none-eabi/lib/thumb/v6-m/nofp/libstdc++.a(eh_exception.o) (__cxa_pure_virtual)
/usr/lib/gcc/arm-none-eabi/10.3.1/../../../arm-none-eabi/lib/thumb/v6-m/nofp/libstdc++.a(si_class_type_info.o)
                              CMakeFiles/jester.dir/PicoLED/PicoLedController.cpp.obj (vtable for __cxxabiv1::__si_class_type_info)
/usr/lib/gcc/arm-none-eabi/10.3.1/../../../arm-none-eabi/lib/thumb/v6-m/nofp/libstdc++.a(tinfo.o)
                              /usr/lib/gcc/arm-none-eabi/10.3.1/../../../arm-none-eabi/lib/thumb/v6-m/nofp/libstdc++.a(class_type_info.o) (std::type_info::~type_info())
/usr/lib/gcc/arm-none-eabi/10.3.1/../../../arm-none-eabi/lib/thumb/v6-m/nofp/libstdc++.a(functexcept.o)
                              CMakeFiles/jester.dir/PicoLED/Effects/Marquee.cpp.obj (std::__throw_bad_alloc())
/usr/lib/gcc/arm-none-eabi/10.3.1/../../../arm-none-eabi/lib/thumb/v6-m/nofp/libstdc++.a(snprintf_lite.o)
                              /usr/lib/gcc/arm-none-eabi/10.3.1/../../../arm-none-eabi/lib/thumb/v6-m/nofp/libstdc++.a(functexcept.o) (__gnu_cxx::__snprintf_lite(char*, unsigned int, char const*, std::__va_list))
/usr/lib/gcc/arm-none-eabi/10.3.1/../../../arm-none-eabi/lib/thumb/v6-m/nofp/libstdc++.a(bad_alloc.o)
                              /usr/lib/gcc/arm-none-eabi/10.3.1/../../../arm-none-eabi/lib/thumb/v6-m/nofp/libstdc++.a(new_op.o) (std::bad_alloc::~bad_alloc())
/usr/lib/gcc/arm-none-eabi/10.3.1/../../../arm-none-eabi/lib/thumb/v6-m/nofp/libstdc++.a(bad_array_new.o)
[...]
Memory Configuration

Name             Origin             Length             Attributes
FLASH            0x0000000010000000 0x0000000000200000 xr
RAM              0x0000000020000000 0x0000000000040000 xrw
SCRATCH_X        0x0000000020040000 0x0000000000001000 xrw
SCRATCH_Y        0x0000000020041000 0x0000000000001000 xrw
*default*        0x0000000000000000 0xffffffffffffffff

Linker script and memory map

LOAD /usr/lib/gcc/arm-none-eabi/10.3.1/thumb/v6-m/nofp/crti.o
LOAD /usr/lib/gcc/arm-none-eabi/10.3.1/thumb/v6-m/nofp/crtbegin.o
LOAD /usr/lib/gcc/arm-none-eabi/10.3.1/../../../arm-none-eabi/lib/thumb/v6-m/nofp/crt0.o

.flash_begin    0x0000000010000000        0x0
                0x0000000010000000                __flash_binary_start = .

.boot2          0x0000000010000000      0x100
                0x0000000010000000                __boot2_start__ = .
 *(.boot2)
 .boot2         0x0000000010000000      0x100 /tmp/ccxyXGnj.o
                0x0000000010000100                __boot2_end__ = .
                0x0000000000000001                ASSERT (((__boot2_end__ - __boot2_start__) == 0x100), ERROR: Pico second stage bootloader must be 256 bytes in size)

.text           0x0000000010000100     0x9160
                0x0000000010000100                __logical_binary_start = .
 *(.vectors)
 .vectors       0x0000000010000100       0xd4 CMakeFiles/jester.dir/home/h/Work/pico/pico-sdk/src/rp2_common/pico_standard_link/crt0.S.obj
                0x0000000010000100                __vectors
                0x0000000010000100                __VECTOR_TABLE
                0x00000000100001c0                isr_invalid
                0x00000000100001c0                __default_isrs_start
                0x00000000100001c2                isr_nmi
                0x00000000100001c4                isr_hardfault
                0x00000000100001c6                isr_svcall
                0x00000000100001c8                isr_pendsv
                0x00000000100001ca                isr_systick
                0x00000000100001cc                isr_irq30
                0x00000000100001cc                __unhandled_user_irq
                0x00000000100001cc                isr_irq13
                0x00000000100001cc                isr_irq27
                0x00000000100001cc                isr_irq31
                0x00000000100001cc                isr_irq5
                0x00000000100001cc                isr_irq11
                0x00000000100001cc                isr_irq23
                0x00000000100001cc                isr_irq18
                0x00000000100001cc                isr_irq28
                0x00000000100001cc                isr_irq19
                0x00000000100001cc                isr_irq0
                0x00000000100001cc                isr_irq6
                0x00000000100001cc                isr_irq22
                0x00000000100001cc                isr_irq17
                0x00000000100001cc                isr_irq14
                0x00000000100001cc                isr_irq2
                0x00000000100001cc                isr_irq10
                0x00000000100001cc                isr_irq8
                0x00000000100001cc                isr_irq24
                0x00000000100001cc                isr_irq1
                0x00000000100001cc                isr_irq7
                0x00000000100001cc                isr_irq21
                0x00000000100001cc                isr_irq20
                0x00000000100001cc                isr_irq15
                0x00000000100001cc                isr_irq25
                0x00000000100001cc                isr_irq4
                0x00000000100001cc                isr_irq16
                0x00000000100001cc                isr_irq29
                0x00000000100001cc                isr_irq26
                0x00000000100001cc                __default_isrs_end
                0x00000000100001cc                isr_irq3
                0x00000000100001cc                isr_irq12
                0x00000000100001cc                isr_irq9
                0x00000000100001d2                unhandled_user_irq_num_in_r0
 *(.binary_info_header)
 .binary_info_header
                0x00000000100001d4       0x14 CMakeFiles/jester.dir/home/h/Work/pico/pico-sdk/src/rp2_common/pico_standard_link/crt0.S.obj
                0x00000000100001e8                __binary_info_header_end = .
 *(.reset)
 .reset         0x00000000100001e8       0xa8 CMakeFiles/jester.dir/home/h/Work/pico/pico-sdk/src/rp2_common/pico_standard_link/crt0.S.obj
                0x00000000100001e8                _entry_point
                0x0000000010000266                __get_current_exception
 .reset         0x0000000010000290       0x30 CMakeFiles/jester.dir/home/h/Work/pico/pico-sdk/src/rp2_common/pico_standard_link/binary_info.c.obj
 *(.init)
 .init          0x00000000100002c0        0x4 /usr/lib/gcc/arm-none-eabi/10.3.1/thumb/v6-m/nofp/crti.o
                0x00000000100002c0                _init
 *(EXCLUDE_FILE(*libm.a: *libc.a:*lib_a-mem*.o *libgcc.a:) .text*)
 .text          0x00000000100002c4       0x98 /usr/lib/gcc/arm-none-eabi/10.3.1/thumb/v6-m/nofp/crtbegin.o
 .text._Z13gpio_callbackjm
                0x000000001000035c       0x30 CMakeFiles/jester.dir/jester.cpp.obj
                0x000000001000035c                gpio_callback(unsigned int, unsigned long)
 .text.startup.main
                0x000000001000038c       0x88 CMakeFiles/jester.dir/jester.cpp.obj
                0x000000001000038c                main
 .text.gpio_default_irq_handler
                0x0000000010000414      0x248 CMakeFiles/jester.dir/home/h/Work/pico/pico-sdk/src/rp2_common/hardware_gpio/gpio.c.obj
 .text.gpio_set_function
                0x000000001000065c       0x30 CMakeFiles/jester.dir/home/h/Work/pico/pico-sdk/src/rp2_common/hardware_gpio/gpio.c.obj
                0x000000001000065c                gpio_set_function
 .text.gpio_set_pulls
                0x000000001000068c       0x30 CMakeFiles/jester.dir/home/h/Work/pico/pico-sdk/src/rp2_common/hardware_gpio/gpio.c.obj
                0x000000001000068c                gpio_set_pulls
 .text.gpio_set_irq_enabled_with_callback
                0x00000000100006bc       0xb0 CMakeFiles/jester.dir/home/h/Work/pico/pico-sdk/src/rp2_common/hardware_gpio/gpio.c.obj
                0x00000000100006bc                gpio_set_irq_enabled_with_callback
 .text.hw_claim_or_assert
                0x000000001000076c       0x44 CMakeFiles/jester.dir/home/h/Work/pico/pico-sdk/src/rp2_common/hardware_claim/claim.c.obj
                0x000000001000076c                hw_claim_or_assert
 .text.hw_claim_unused_from_range
                0x00000000100007b0       0x9c CMakeFiles/jester.dir/home/h/Work/pico/pico-sdk/src/rp2_common/hardware_claim/claim.c.obj
                0x00000000100007b0                hw_claim_unused_from_range
 .text.running_on_fpga
                0x000000001000084c       0x10 CMakeFiles/jester.dir/home/h/Work/pico/pico-sdk/src/rp2_common/pico_platform/platform.c.obj
                0x000000001000084c                running_on_fpga
 .text.spin_locks_reset
                0x000000001000085c       0x1c CMakeFiles/jester.dir/home/h/Work/pico/pico-sdk/src/rp2_common/hardware_sync/sync.c.obj
                0x000000001000085c                spin_locks_reset
 .text.next_striped_spin_lock_num
                0x0000000010000878       0x18 CMakeFiles/jester.dir/home/h/Work/pico/pico-sdk/src/rp2_common/hardware_sync/sync.c.obj
                0x0000000010000878                next_striped_spin_lock_num
 .text.spin_lock_claim_unused
                0x0000000010000890       0x20 CMakeFiles/jester.dir/home/h/Work/pico/pico-sdk/src/rp2_common/hardware_sync/sync.c.obj
                0x0000000010000890                spin_lock_claim_unused
 .text.irq_set_enabled
                0x00000000100008b0       0x24 CMakeFiles/jester.dir/home/h/Work/pico/pico-sdk/src/rp2_common/hardware_irq/irq.c.obj
                0x00000000100008b0                irq_set_enabled
 .text.irq_set_pending
                0x00000000100008d4       0x10 CMakeFiles/jester.dir/home/h/Work/pico/pico-sdk/src/rp2_common/hardware_irq/irq.c.obj
                0x00000000100008d4                irq_set_pending
 .text.irq_has_shared_handler
                0x00000000100008e4       0x2c CMakeFiles/jester.dir/home/h/Work/pico/pico-sdk/src/rp2_common/hardware_irq/irq.c.obj
                0x00000000100008e4                irq_has_shared_handler
 .text.irq_get_vtable_handler
                0x0000000010000910       0x10 CMakeFiles/jester.dir/home/h/Work/pico/pico-sdk/src/rp2_common/hardware_irq/irq.c.obj
                0x0000000010000910                irq_get_vtable_handler
 .text.irq_set_exclusive_handler
                0x0000000010000920       0x54 CMakeFiles/jester.dir/home/h/Work/pico/pico-sdk/src/rp2_common/hardware_irq/irq.c.obj
                0x0000000010000920                irq_set_exclusive_handler
 .text.irq_add_shared_handler
                0x0000000010000974      0x1e4 CMakeFiles/jester.dir/home/h/Work/pico/pico-sdk/src/rp2_common/hardware_irq/irq.c.obj
                0x0000000010000974                irq_add_shared_handler
 .text.irq_remove_handler
                0x0000000010000b58      0x1b4 CMakeFiles/jester.dir/home/h/Work/pico/pico-sdk/src/rp2_common/hardware_irq/irq.c.obj
                0x0000000010000b58                irq_remove_handler
 .text.irq_add_tail_to_free_list
                0x0000000010000d0c       0xb4 CMakeFiles/jester.dir/home/h/Work/pico/pico-sdk/src/rp2_common/hardware_irq/irq.c.obj
                0x0000000010000d0c                irq_add_tail_to_free_list
 .text.irq_init_priorities
                0x0000000010000dc0       0x24 CMakeFiles/jester.dir/home/h/Work/pico/pico-sdk/src/rp2_common/hardware_irq/irq.c.obj
                0x0000000010000dc0                irq_init_priorities
 .text.user_irq_claim_unused
                0x0000000010000de4       0x30 CMakeFiles/jester.dir/home/h/Work/pico/pico-sdk/src/rp2_common/hardware_irq/irq.c.obj
                0x0000000010000de4                user_irq_claim_unused
 .text.lock_init
                0x0000000010000e14       0x10 CMakeFiles/jester.dir/home/h/Work/pico/pico-sdk/src/common/pico_sync/lock_core.c.obj
                0x0000000010000e14                lock_init
 .text.timer_pool_entry_comparator
                0x0000000010000e24       0x34 CMakeFiles/jester.dir/home/h/Work/pico/pico-sdk/src/common/pico_time/time.c.obj
                0x0000000010000e24                timer_pool_entry_comparator
 .text.sleep_until_callback
                0x0000000010000e58       0x30 CMakeFiles/jester.dir/home/h/Work/pico/pico-sdk/src/common/pico_time/time.c.obj
 .text.add_alarm_under_lock.isra.0
                0x0000000010000e88      0x100 CMakeFiles/jester.dir/home/h/Work/pico/pico-sdk/src/common/pico_time/time.c.obj
 .text.alarm_pool_alarm_callback
                0x0000000010000f88      0x1c8 CMakeFiles/jester.dir/home/h/Work/pico/pico-sdk/src/common/pico_time/time.c.obj
 .text.alarm_pool_add_alarm_at.constprop.0
                0x0000000010001150      0x11c CMakeFiles/jester.dir/home/h/Work/pico/pico-sdk/src/common/pico_time/time.c.obj
 .text.alarm_pool_init_default
                0x000000001000126c       0x64 CMakeFiles/jester.dir/home/h/Work/pico/pico-sdk/src/common/pico_time/time.c.obj
                0x000000001000126c                alarm_pool_init_default
 .text.alarm_pool_get_default
                0x00000000100012d0        0x8 CMakeFiles/jester.dir/home/h/Work/pico/pico-sdk/src/common/pico_time/time.c.obj
                0x00000000100012d0                alarm_pool_get_default
 .text.alarm_pool_add_alarm_at
                0x00000000100012d8      0x194 CMakeFiles/jester.dir/home/h/Work/pico/pico-sdk/src/common/pico_time/time.c.obj
                0x00000000100012d8                alarm_pool_add_alarm_at
 .text.sleep_until
                0x000000001000146c       0xac CMakeFiles/jester.dir/home/h/Work/pico/pico-sdk/src/common/pico_time/time.c.obj
                0x000000001000146c                sleep_until
 .text.sleep_ms
                0x0000000010001518       0x38 CMakeFiles/jester.dir/home/h/Work/pico/pico-sdk/src/common/pico_time/time.c.obj
                0x0000000010001518                sleep_ms
 .text.best_effort_wfe_or_timeout
                0x0000000010001550       0xd4 CMakeFiles/jester.dir/home/h/Work/pico/pico-sdk/src/common/pico_time/time.c.obj
                0x0000000010001550                best_effort_wfe_or_timeout
 .text.hardware_alarm_irq_handler
                0x0000000010001624       0xb8 CMakeFiles/jester.dir/home/h/Work/pico/pico-sdk/src/rp2_common/hardware_timer/timer.c.obj
 .text.hardware_alarm_claim
                0x00000000100016dc       0x18 CMakeFiles/jester.dir/home/h/Work/pico/pico-sdk/src/rp2_common/hardware_timer/timer.c.obj
                0x00000000100016dc                hardware_alarm_claim
 .text.time_us_64
                0x00000000100016f4       0x14 CMakeFiles/jester.dir/home/h/Work/pico/pico-sdk/src/rp2_common/hardware_timer/timer.c.obj
                0x00000000100016f4                time_us_64
 .text.busy_wait_until
                0x0000000010001708       0x20 CMakeFiles/jester.dir/home/h/Work/pico/pico-sdk/src/rp2_common/hardware_timer/timer.c.obj
                0x0000000010001708                busy_wait_until
 .text.hardware_alarm_set_callback
                0x0000000010001728       0x8c CMakeFiles/jester.dir/home/h/Work/pico/pico-sdk/src/rp2_common/hardware_timer/timer.c.obj
                0x0000000010001728                hardware_alarm_set_callback
 .text.hardware_alarm_set_target
                0x00000000100017b4       0xe0 CMakeFiles/jester.dir/home/h/Work/pico/pico-sdk/src/rp2_common/hardware_timer/timer.c.obj
                0x00000000100017b4                hardware_alarm_set_target
 .text.hardware_alarm_cancel
                0x0000000010001894       0x3c CMakeFiles/jester.dir/home/h/Work/pico/pico-sdk/src/rp2_common/hardware_timer/timer.c.obj
                0x0000000010001894                hardware_alarm_cancel
 .text.ph_merge_nodes
                0x00000000100018d0       0x68 CMakeFiles/jester.dir/home/h/Work/pico/pico-sdk/src/common/pico_util/pheap.c.obj
 .text.ph_post_alloc_init
                0x0000000010001938       0x3c CMakeFiles/jester.dir/home/h/Work/pico/pico-sdk/src/common/pico_util/pheap.c.obj
                0x0000000010001938                ph_post_alloc_init
 .text.ph_merge_two_pass
                0x0000000010001974       0x90 CMakeFiles/jester.dir/home/h/Work/pico/pico-sdk/src/common/pico_util/pheap.c.obj
                0x0000000010001974                ph_merge_two_pass
 .text.ph_remove_any_head
                0x0000000010001a04       0xf8 CMakeFiles/jester.dir/home/h/Work/pico/pico-sdk/src/common/pico_util/pheap.c.obj
 .text.ph_remove_head
                0x0000000010001afc       0xfc CMakeFiles/jester.dir/home/h/Work/pico/pico-sdk/src/common/pico_util/pheap.c.obj
                0x0000000010001afc                ph_remove_head
 .text.ph_remove_and_free_node
                0x0000000010001bf8       0x7c CMakeFiles/jester.dir/home/h/Work/pico/pico-sdk/src/common/pico_util/pheap.c.obj
                0x0000000010001bf8                ph_remove_and_free_node
 .text.mutex_init
                0x0000000010001c74       0x1c CMakeFiles/jester.dir/home/h/Work/pico/pico-sdk/src/common/pico_sync/mutex.c.obj
                0x0000000010001c74                mutex_init
 .text.recursive_mutex_init
                0x0000000010001c90       0x1c CMakeFiles/jester.dir/home/h/Work/pico/pico-sdk/src/common/pico_sync/mutex.c.obj
                0x0000000010001c90                recursive_mutex_init
 .text.critical_section_init
                0x0000000010001cac       0x20 CMakeFiles/jester.dir/home/h/Work/pico/pico-sdk/src/common/pico_sync/critical_section.c.obj
                0x0000000010001cac                critical_section_init
 .text.runtime_init
                0x0000000010001ccc       0xf0 CMakeFiles/jester.dir/home/h/Work/pico/pico-sdk/src/rp2_common/pico_runtime/runtime.c.obj
                0x0000000010001ccc                runtime_init
 .text._exit    0x0000000010001dbc        0x4 CMakeFiles/jester.dir/home/h/Work/pico/pico-sdk/src/rp2_common/pico_runtime/runtime.c.obj
                0x0000000010001dbc                _exit
 .text._sbrk    0x0000000010001dc0       0x34 CMakeFiles/jester.dir/home/h/Work/pico/pico-sdk/src/rp2_common/pico_runtime/runtime.c.obj
                0x0000000010001dc0                _sbrk
 .text.exit     0x0000000010001df4        0x4 CMakeFiles/jester.dir/home/h/Work/pico/pico-sdk/src/rp2_common/pico_runtime/runtime.c.obj
                0x0000000010001df4                exit
 .text.panic    0x0000000010001df8       0x30 CMakeFiles/jester.dir/home/h/Work/pico/pico-sdk/src/rp2_common/pico_runtime/runtime.c.obj
                0x0000000010001df8                panic
 .text.hard_assertion_failure
                0x0000000010001e28        0xc CMakeFiles/jester.dir/home/h/Work/pico/pico-sdk/src/rp2_common/pico_runtime/runtime.c.obj
                0x0000000010001e28                hard_assertion_failure
 .text.clocks_init
                0x0000000010001e34      0x2bc CMakeFiles/jester.dir/home/h/Work/pico/pico-sdk/src/rp2_common/hardware_clocks/clocks.c.obj
                0x0000000010001e34                clocks_init
 .text.pll_init
                0x00000000100020f0       0xb0 CMakeFiles/jester.dir/home/h/Work/pico/pico-sdk/src/rp2_common/hardware_pll/pll.c.obj
                0x00000000100020f0                pll_init
 .text.watchdog_start_tick
                0x00000000100021a0       0x10 CMakeFiles/jester.dir/home/h/Work/pico/pico-sdk/src/rp2_common/hardware_watchdog/watchdog.c.obj
                0x00000000100021a0                watchdog_start_tick
 .text.watchdog_reboot
                0x00000000100021b0       0x98 CMakeFiles/jester.dir/home/h/Work/pico/pico-sdk/src/rp2_common/hardware_watchdog/watchdog.c.obj
                0x00000000100021b0                watchdog_reboot
 .text.xosc_init
                0x0000000010002248       0x28 CMakeFiles/jester.dir/home/h/Work/pico/pico-sdk/src/rp2_common/hardware_xosc/xosc.c.obj
                0x0000000010002248                xosc_init
 .text._out_null
                0x0000000010002270        0x4 CMakeFiles/jester.dir/home/h/Work/pico/pico-sdk/src/rp2_common/pico_printf/printf.c.obj
 .text._out_rev
                0x0000000010002274       0x9c CMakeFiles/jester.dir/home/h/Work/pico/pico-sdk/src/rp2_common/pico_printf/printf.c.obj
 .text._ntoa_format
                0x0000000010002310      0x1cc CMakeFiles/jester.dir/home/h/Work/pico/pico-sdk/src/rp2_common/pico_printf/printf.c.obj
 .text._out_char
                0x00000000100024dc       0x10 CMakeFiles/jester.dir/home/h/Work/pico/pico-sdk/src/rp2_common/pico_printf/printf.c.obj
 .text._out_fct
                0x00000000100024ec       0x10 CMakeFiles/jester.dir/home/h/Work/pico/pico-sdk/src/rp2_common/pico_printf/printf.c.obj
 .text._etoa    0x00000000100024fc      0x44c CMakeFiles/jester.dir/home/h/Work/pico/pico-sdk/src/rp2_common/pico_printf/printf.c.obj
 .text._ftoa    0x0000000010002948      0x398 CMakeFiles/jester.dir/home/h/Work/pico/pico-sdk/src/rp2_common/pico_printf/printf.c.obj
 .text._vsnprintf
                0x0000000010002ce0      0xb04 CMakeFiles/jester.dir/home/h/Work/pico/pico-sdk/src/rp2_common/pico_printf/printf.c.obj
 .text.vfctprintf
                0x00000000100037e4       0x20 CMakeFiles/jester.dir/home/h/Work/pico/pico-sdk/src/rp2_common/pico_printf/printf.c.obj
                0x00000000100037e4                vfctprintf
 .text.weak_raw_vprintf
                0x0000000010003804       0x30 CMakeFiles/jester.dir/home/h/Work/pico/pico-sdk/src/rp2_common/pico_printf/printf.c.obj
                0x0000000010003804                weak_raw_vprintf
 .text          0x0000000010003834       0x10 CMakeFiles/jester.dir/home/h/Work/pico/pico-sdk/src/rp2_common/pico_bit_ops/bit_ops_aeabi.S.obj
 .text.rom_func_lookup
                0x0000000010003844       0x10 CMakeFiles/jester.dir/home/h/Work/pico/pico-sdk/src/rp2_common/pico_bootrom/bootrom.c.obj
                0x0000000010003844                rom_func_lookup
 .text.rom_data_lookup
                0x0000000010003854       0x10 CMakeFiles/jester.dir/home/h/Work/pico/pico-sdk/src/rp2_common/pico_bootrom/bootrom.c.obj
                0x0000000010003854                rom_data_lookup
 .text.rom_funcs_lookup
                0x0000000010003864       0x44 CMakeFiles/jester.dir/home/h/Work/pico/pico-sdk/src/rp2_common/pico_bootrom/bootrom.c.obj
                0x0000000010003864                rom_funcs_lookup
 .text.__wrap___aeabi_idiv
                0x00000000100038a8       0x50 CMakeFiles/jester.dir/home/h/Work/pico/pico-sdk/src/rp2_common/pico_divider/divider.S.obj
                0x00000000100038a8                __wrap___aeabi_idivmod
                0x00000000100038a8                divmod_s32s32
                0x00000000100038a8                div_s32s32
                0x00000000100038a8                __wrap___aeabi_idiv
                0x00000000100038b0                divmod_s32s32_unsafe
                0x00000000100038dc                divmod_s32s32_savestate
 .text.__wrap___aeabi_uidiv
                0x00000000100038f8       0x4c CMakeFiles/jester.dir/home/h/Work/pico/pico-sdk/src/rp2_common/pico_divider/divider.S.obj
                0x00000000100038f8                __wrap___aeabi_uidiv
                0x00000000100038f8                __wrap___aeabi_uidivmod
                0x00000000100038f8                div_u32u32
                0x00000000100038f8                divmod_u32u32
                0x0000000010003900                divmod_u32u32_unsafe
                0x0000000010003928                divmod_u32u32_savestate
 .text.__wrap___aeabi_ldiv
                0x0000000010003944      0x434 CMakeFiles/jester.dir/home/h/Work/pico/pico-sdk/src/rp2_common/pico_divider/divider.S.obj
                0x0000000010003944                div_s64s64
                0x0000000010003944                divmod_s64s64
                0x0000000010003944                __wrap___aeabi_ldivmod
                0x000000001000397c                div_u64u64
                0x000000001000397c                divmod_u64u64
                0x000000001000397c                __wrap___aeabi_uldivmod
                0x000000001000398c                divmod_u64u64_savestate
                0x00000000100039b4                divmod_s64s64_unsafe
                0x0000000010003a3c                divmod_u64u64_unsafe
 .text.__wrap___aeabi_darithmetic
                0x0000000010003d78       0x80 CMakeFiles/jester.dir/home/h/Work/pico/pico-sdk/src/rp2_common/pico_double/double_aeabi.S.obj
                0x0000000010003d78                __wrap___aeabi_drsub
                0x0000000010003d7e                __wrap___aeabi_dsub
                0x0000000010003d90                __wrap___aeabi_dadd
                0x0000000010003da2                __wrap___aeabi_ddiv
                0x0000000010003dde                __wrap___aeabi_dmul
 .text.__wrap___aeabi_cdcmple
                0x0000000010003df8       0x6c CMakeFiles/jester.dir/home/h/Work/pico/pico-sdk/src/rp2_common/pico_double/double_aeabi.S.obj
                0x0000000010003df8                __wrap___aeabi_cdrcmple
                0x0000000010003e08                __wrap___aeabi_cdcmple
                0x0000000010003e08                __wrap___aeabi_cdcmpeq
 .text.__wrap___aeabi_dcmplt
                0x0000000010003e64        0xc CMakeFiles/jester.dir/home/h/Work/pico/pico-sdk/src/rp2_common/pico_double/double_aeabi.S.obj
                0x0000000010003e64                __wrap___aeabi_dcmplt
 .text.__wrap___aeabi_dcmple
                0x0000000010003e70       0x10 CMakeFiles/jester.dir/home/h/Work/pico/pico-sdk/src/rp2_common/pico_double/double_aeabi.S.obj
                0x0000000010003e70                __wrap___aeabi_dcmple
 .text.__wrap___aeabi_dcmpge
                0x0000000010003e80       0x10 CMakeFiles/jester.dir/home/h/Work/pico/pico-sdk/src/rp2_common/pico_double/double_aeabi.S.obj
                0x0000000010003e80                __wrap___aeabi_dcmpge
 .text.__wrap___aeabi_dcmpgt
                0x0000000010003e90        0xa CMakeFiles/jester.dir/home/h/Work/pico/pico-sdk/src/rp2_common/pico_double/double_aeabi.S.obj
                0x0000000010003e90                __wrap___aeabi_dcmpgt
 .text.__wrap___aeabi_dcmpun
                0x0000000010003e9a       0x1c CMakeFiles/jester.dir/home/h/Work/pico/pico-sdk/src/rp2_common/pico_double/double_aeabi.S.obj
                0x0000000010003e9a                __wrap___aeabi_dcmpun
 *fill*         0x0000000010003eb6        0x2 
 .text.__wrap___aeabi_i2d
                0x0000000010003eb8       0x38 CMakeFiles/jester.dir/home/h/Work/pico/pico-sdk/src/rp2_common/pico_double/double_aeabi.S.obj
                0x0000000010003eb8                __wrap___aeabi_ui2d
                0x0000000010003ec0                __wrap___aeabi_i2d
 .text.__wrap___aeabi_d2iz
                0x0000000010003ef0       0x48 CMakeFiles/jester.dir/home/h/Work/pico/pico-sdk/src/rp2_common/pico_double/double_aeabi.S.obj
                0x0000000010003ef0                __wrap___aeabi_d2iz
                0x0000000010003ef0                double2int_z
 .text.__wrap___aeabi_d2uiz
                0x0000000010003f38       0x18 CMakeFiles/jester.dir/home/h/Work/pico/pico-sdk/src/rp2_common/pico_double/double_aeabi.S.obj
                0x0000000010003f38                double2uint
                0x0000000010003f38                __wrap___aeabi_d2uiz
 .text.__aeabi_double_init
                0x0000000010003f50       0x94 CMakeFiles/jester.dir/home/h/Work/pico/pico-sdk/src/rp2_common/pico_double/double_init_rom.c.obj
                0x0000000010003f50                __aeabi_double_init
 .text.double_table_shim_on_use_helper
                0x0000000010003fe4       0x2c CMakeFiles/jester.dir/home/h/Work/pico/pico-sdk/src/rp2_common/pico_double/double_v1_rom_shim.S.obj
                0x0000000010003fe4                double_table_shim_on_use_helper
 .text.__wrap___aeabi_dsub
                0x0000000010004010       0x10 CMakeFiles/jester.dir/home/h/Work/pico/pico-sdk/src/rp2_common/pico_double/double_v1_rom_shim.S.obj
                0x0000000010004010                drsub_shim
                0x0000000010004016                dsub_shim
 .text.dadd_shim
                0x0000000010004020      0x15c CMakeFiles/jester.dir/home/h/Work/pico/pico-sdk/src/rp2_common/pico_double/double_v1_rom_shim.S.obj
                0x0000000010004020                dadd_shim
 .text.dmul_shim
                0x000000001000417c      0x15c CMakeFiles/jester.dir/home/h/Work/pico/pico-sdk/src/rp2_common/pico_double/double_v1_rom_shim.S.obj
                0x000000001000417c                dmul_shim
 .text.ddiv_shim
                0x00000000100042d8      0x1b0 CMakeFiles/jester.dir/home/h/Work/pico/pico-sdk/src/rp2_common/pico_double/double_v1_rom_shim.S.obj
                0x00000000100042d8                ddiv_shim
 .text.double2uint_shim
                0x0000000010004488        0xe CMakeFiles/jester.dir/home/h/Work/pico/pico-sdk/src/rp2_common/pico_double/double_v1_rom_shim.S.obj
                0x0000000010004488                double2uint_shim
                0x000000001000448a                double2ufix_shim
 *fill*         0x0000000010004496        0x2 
 .text.double2uint64_shim
                0x0000000010004498       0x70 CMakeFiles/jester.dir/home/h/Work/pico/pico-sdk/src/rp2_common/pico_double/double_v1_rom_shim.S.obj
                0x0000000010004498                double2uint64_shim
                0x000000001000449a                double2ufix64_shim
                0x00000000100044ba                d2fix_a
 .text.dunpacks
                0x0000000010004508       0x3c CMakeFiles/jester.dir/home/h/Work/pico/pico-sdk/src/rp2_common/pico_double/double_v1_rom_shim.S.obj
                0x0000000010004508                dunpacks
 .text.__aeabi_lmul
                0x0000000010004544       0x32 CMakeFiles/jester.dir/home/h/Work/pico/pico-sdk/src/rp2_common/pico_int64_ops/pico_int64_ops_aeabi.S.obj
                0x0000000010004544                __wrap___aeabi_lmul
 *fill*         0x0000000010004576        0x2 
 .text.__aeabi_float_init
                0x0000000010004578       0x64 CMakeFiles/jester.dir/home/h/Work/pico/pico-sdk/src/rp2_common/pico_float/float_init_rom.c.obj
                0x0000000010004578                __aeabi_float_init
 .text.float_table_shim_on_use_helper
                0x00000000100045dc       0x2c CMakeFiles/jester.dir/home/h/Work/pico/pico-sdk/src/rp2_common/pico_float/float_v1_rom_shim.S.obj
                0x00000000100045dc                float_table_shim_on_use_helper
 .text.__wrap_malloc
                0x0000000010004608       0x24 CMakeFiles/jester.dir/home/h/Work/pico/pico-sdk/src/rp2_common/pico_malloc/pico_malloc.c.obj
                0x0000000010004608                __wrap_malloc
 .text.__wrap_free
                0x000000001000462c        0x8 CMakeFiles/jester.dir/home/h/Work/pico/pico-sdk/src/rp2_common/pico_malloc/pico_malloc.c.obj
                0x000000001000462c                __wrap_free
 .text          0x0000000010004634       0x10 CMakeFiles/jester.dir/home/h/Work/pico/pico-sdk/src/rp2_common/pico_mem_ops/mem_ops_aeabi.S.obj
                0x0000000010004634                __aeabi_mem_init
 .text.memset   0x0000000010004644        0xc CMakeFiles/jester.dir/home/h/Work/pico/pico-sdk/src/rp2_common/pico_mem_ops/mem_ops_aeabi.S.obj
                0x0000000010004644                __wrap_memset
 .text.memcpy   0x0000000010004650        0xc CMakeFiles/jester.dir/home/h/Work/pico/pico-sdk/src/rp2_common/pico_mem_ops/mem_ops_aeabi.S.obj
                0x0000000010004650                __wrap___aeabi_memcpy
                0x0000000010004650                __wrap_memcpy
 .text.stdio_out_chars_no_crlf
                0x000000001000465c       0x10 CMakeFiles/jester.dir/home/h/Work/pico/pico-sdk/src/rp2_common/pico_stdio/stdio.c.obj
 .text.stdio_out_chars_crlf
                0x000000001000466c       0xb4 CMakeFiles/jester.dir/home/h/Work/pico/pico-sdk/src/rp2_common/pico_stdio/stdio.c.obj
 .text.stdio_buffered_printer
                0x0000000010004720       0x64 CMakeFiles/jester.dir/home/h/Work/pico/pico-sdk/src/rp2_common/pico_stdio/stdio.c.obj
 .text.stdio_put_string.isra.0
                0x0000000010004784       0xfc CMakeFiles/jester.dir/home/h/Work/pico/pico-sdk/src/rp2_common/pico_stdio/stdio.c.obj
 .text.__wrap_putchar
                0x0000000010004880       0xa0 CMakeFiles/jester.dir/home/h/Work/pico/pico-sdk/src/rp2_common/pico_stdio/stdio.c.obj
                0x0000000010004880                __wrap_putchar
 .text.__wrap_puts
                0x0000000010004920       0x3c CMakeFiles/jester.dir/home/h/Work/pico/pico-sdk/src/rp2_common/pico_stdio/stdio.c.obj
                0x0000000010004920                __wrap_puts
 .text.stdio_set_driver_enabled
                0x000000001000495c       0x30 CMakeFiles/jester.dir/home/h/Work/pico/pico-sdk/src/rp2_common/pico_stdio/stdio.c.obj
                0x000000001000495c                stdio_set_driver_enabled
 .text.__wrap_vprintf
                0x000000001000498c       0xd8 CMakeFiles/jester.dir/home/h/Work/pico/pico-sdk/src/rp2_common/pico_stdio/stdio.c.obj
                0x000000001000498c                __wrap_vprintf
 .text.__wrap_printf
                0x0000000010004a64       0x18 CMakeFiles/jester.dir/home/h/Work/pico/pico-sdk/src/rp2_common/pico_stdio/stdio.c.obj
                0x0000000010004a64                __wrap_printf
 .text.stdio_init_all
                0x0000000010004a7c        0x8 CMakeFiles/jester.dir/home/h/Work/pico/pico-sdk/src/rp2_common/pico_stdio/stdio.c.obj
                0x0000000010004a7c                stdio_init_all
 .text.resetd_init
                0x0000000010004a84        0x4 CMakeFiles/jester.dir/home/h/Work/pico/pico-sdk/src/rp2_common/pico_stdio_usb/reset_interface.c.obj
 .text.resetd_reset
                0x0000000010004a88        0xc CMakeFiles/jester.dir/home/h/Work/pico/pico-sdk/src/rp2_common/pico_stdio_usb/reset_interface.c.obj
 .text.resetd_open
                0x0000000010004a94       0x28 CMakeFiles/jester.dir/home/h/Work/pico/pico-sdk/src/rp2_common/pico_stdio_usb/reset_interface.c.obj
 .text.resetd_xfer_cb
                0x0000000010004abc        0x4 CMakeFiles/jester.dir/home/h/Work/pico/pico-sdk/src/rp2_common/pico_stdio_usb/reset_interface.c.obj
 .text.resetd_control_xfer_cb
                0x0000000010004ac0       0x64 CMakeFiles/jester.dir/home/h/Work/pico/pico-sdk/src/rp2_common/pico_stdio_usb/reset_interface.c.obj
 .text.usbd_app_driver_get_cb
                0x0000000010004b24        0xc CMakeFiles/jester.dir/home/h/Work/pico/pico-sdk/src/rp2_common/pico_stdio_usb/reset_interface.c.obj
                0x0000000010004b24                usbd_app_driver_get_cb
 .text.tud_cdc_line_coding_cb
                0x0000000010004b30       0x34 CMakeFiles/jester.dir/home/h/Work/pico/pico-sdk/src/rp2_common/pico_stdio_usb/reset_interface.c.obj
                0x0000000010004b30                tud_cdc_line_coding_cb
 .text.stdio_usb_in_chars
                0x0000000010004b64       0x68 CMakeFiles/jester.dir/home/h/Work/pico/pico-sdk/src/rp2_common/pico_stdio_usb/stdio_usb.c.obj
                0x0000000010004b64                stdio_usb_in_chars
 .text.stdio_usb_out_chars
                0x0000000010004bcc       0xe4 CMakeFiles/jester.dir/home/h/Work/pico/pico-sdk/src/rp2_common/pico_stdio_usb/stdio_usb.c.obj
 .text.timer_task
                0x0000000010004cb0       0x18 CMakeFiles/jester.dir/home/h/Work/pico/pico-sdk/src/rp2_common/pico_stdio_usb/stdio_usb.c.obj
 .text.usb_irq  0x0000000010004cc8       0x10 CMakeFiles/jester.dir/home/h/Work/pico/pico-sdk/src/rp2_common/pico_stdio_usb/stdio_usb.c.obj
 .text.low_priority_worker_irq
                0x0000000010004cd8       0x24 CMakeFiles/jester.dir/home/h/Work/pico/pico-sdk/src/rp2_common/pico_stdio_usb/stdio_usb.c.obj
 .text.stdio_usb_init
                0x0000000010004cfc       0xb0 CMakeFiles/jester.dir/home/h/Work/pico/pico-sdk/src/rp2_common/pico_stdio_usb/stdio_usb.c.obj
                0x0000000010004cfc                stdio_usb_init
 .text.tud_descriptor_device_cb
                0x0000000010004dac        0x8 CMakeFiles/jester.dir/home/h/Work/pico/pico-sdk/src/rp2_common/pico_stdio_usb/stdio_usb_descriptors.c.obj
                0x0000000010004dac                tud_descriptor_device_cb
 .text.tud_descriptor_configuration_cb
                0x0000000010004db4        0x8 CMakeFiles/jester.dir/home/h/Work/pico/pico-sdk/src/rp2_common/pico_stdio_usb/stdio_usb_descriptors.c.obj
                0x0000000010004db4                tud_descriptor_configuration_cb
 .text.tud_descriptor_string_cb
                0x0000000010004dbc       0x74 CMakeFiles/jester.dir/home/h/Work/pico/pico-sdk/src/rp2_common/pico_stdio_usb/stdio_usb_descriptors.c.obj
                0x0000000010004dbc                tud_descriptor_string_cb
 .text.dcd_rp2040_irq
                0x0000000010004e30      0x21c CMakeFiles/jester.dir/home/h/Work/pico/pico-sdk/lib/tinyusb/src/portable/raspberrypi/rp2040/dcd_rp2040.c.obj
 .text.dcd_int_enable
                0x000000001000504c        0xc CMakeFiles/jester.dir/home/h/Work/pico/pico-sdk/lib/tinyusb/src/portable/raspberrypi/rp2040/dcd_rp2040.c.obj
                0x000000001000504c                dcd_int_enable
 .text.dcd_set_address
                0x0000000010005058       0x14 CMakeFiles/jester.dir/home/h/Work/pico/pico-sdk/lib/tinyusb/src/portable/raspberrypi/rp2040/dcd_rp2040.c.obj
                0x0000000010005058                dcd_set_address
 .text.dcd_connect
                0x000000001000506c       0x10 CMakeFiles/jester.dir/home/h/Work/pico/pico-sdk/lib/tinyusb/src/portable/raspberrypi/rp2040/dcd_rp2040.c.obj
                0x000000001000506c                dcd_connect
 .text.dcd_init
                0x000000001000507c      0x144 CMakeFiles/jester.dir/home/h/Work/pico/pico-sdk/lib/tinyusb/src/portable/raspberrypi/rp2040/dcd_rp2040.c.obj
                0x000000001000507c                dcd_init
 .text.dcd_edpt0_status_complete
                0x00000000100051c0       0x1c CMakeFiles/jester.dir/home/h/Work/pico/pico-sdk/lib/tinyusb/src/portable/raspberrypi/rp2040/dcd_rp2040.c.obj
                0x00000000100051c0                dcd_edpt0_status_complete
 .text.dcd_edpt_open
                0x00000000100051dc       0xf0 CMakeFiles/jester.dir/home/h/Work/pico/pico-sdk/lib/tinyusb/src/portable/raspberrypi/rp2040/dcd_rp2040.c.obj
                0x00000000100051dc                dcd_edpt_open
 .text.dcd_edpt_close_all
                0x00000000100052cc       0xbc CMakeFiles/jester.dir/home/h/Work/pico/pico-sdk/lib/tinyusb/src/portable/raspberrypi/rp2040/dcd_rp2040.c.obj
                0x00000000100052cc                dcd_edpt_close_all
 .text.dcd_edpt_xfer
                0x0000000010005388       0x24 CMakeFiles/jester.dir/home/h/Work/pico/pico-sdk/lib/tinyusb/src/portable/raspberrypi/rp2040/dcd_rp2040.c.obj
                0x0000000010005388                dcd_edpt_xfer
 .text.dcd_edpt_stall
                0x00000000100053ac       0x38 CMakeFiles/jester.dir/home/h/Work/pico/pico-sdk/lib/tinyusb/src/portable/raspberrypi/rp2040/dcd_rp2040.c.obj
                0x00000000100053ac                dcd_edpt_stall
 .text.dcd_edpt_clear_stall
                0x00000000100053e4       0x30 CMakeFiles/jester.dir/home/h/Work/pico/pico-sdk/lib/tinyusb/src/portable/raspberrypi/rp2040/dcd_rp2040.c.obj
                0x00000000100053e4                dcd_edpt_clear_stall
 .text._hw_endpoint_buffer_control_update32.part.0.isra.0
                0x0000000010005414       0x1c CMakeFiles/jester.dir/home/h/Work/pico/pico-sdk/lib/tinyusb/src/portable/raspberrypi/rp2040/rp2040_usb.c.obj
 .text.rp2040_usb_init
                0x0000000010005430       0x4c CMakeFiles/jester.dir/home/h/Work/pico/pico-sdk/lib/tinyusb/src/portable/raspberrypi/rp2040/rp2040_usb.c.obj
                0x0000000010005430                rp2040_usb_init
 .text.hw_endpoint_reset_transfer
                0x000000001000547c        0xc CMakeFiles/jester.dir/home/h/Work/pico/pico-sdk/lib/tinyusb/src/portable/raspberrypi/rp2040/rp2040_usb.c.obj
                0x000000001000547c                hw_endpoint_reset_transfer
 .text._hw_endpoint_buffer_control_update32
                0x0000000010005488       0x44 CMakeFiles/jester.dir/home/h/Work/pico/pico-sdk/lib/tinyusb/src/portable/raspberrypi/rp2040/rp2040_usb.c.obj
                0x0000000010005488                _hw_endpoint_buffer_control_update32
 .text.hw_endpoint_xfer_start
                0x00000000100054cc      0x138 CMakeFiles/jester.dir/home/h/Work/pico/pico-sdk/lib/tinyusb/src/portable/raspberrypi/rp2040/rp2040_usb.c.obj
                0x00000000100054cc                hw_endpoint_xfer_start
 .text.hw_endpoint_xfer_continue
                0x0000000010005604      0x1e4 CMakeFiles/jester.dir/home/h/Work/pico/pico-sdk/lib/tinyusb/src/portable/raspberrypi/rp2040/rp2040_usb.c.obj
                0x0000000010005604                hw_endpoint_xfer_continue
 .text.tud_mounted
                0x00000000100057e8       0x10 CMakeFiles/jester.dir/home/h/Work/pico/pico-sdk/lib/tinyusb/src/device/usbd.c.obj
                0x00000000100057e8                tud_mounted
 .text.tud_suspended
                0x00000000100057f8       0x10 CMakeFiles/jester.dir/home/h/Work/pico/pico-sdk/lib/tinyusb/src/device/usbd.c.obj
                0x00000000100057f8                tud_suspended
 .text.tud_inited
                0x0000000010005808        0xc CMakeFiles/jester.dir/home/h/Work/pico/pico-sdk/lib/tinyusb/src/device/usbd.c.obj
                0x0000000010005808                tud_inited
 .text.tud_init
                0x0000000010005814       0xd8 CMakeFiles/jester.dir/home/h/Work/pico/pico-sdk/lib/tinyusb/src/device/usbd.c.obj
                0x0000000010005814                tud_init
 .text.tud_task
                0x00000000100058ec      0x8ec CMakeFiles/jester.dir/home/h/Work/pico/pico-sdk/lib/tinyusb/src/device/usbd.c.obj
                0x00000000100058ec                tud_task
 .text.dcd_event_bus_signal
                0x00000000100061d8      0x120 CMakeFiles/jester.dir/home/h/Work/pico/pico-sdk/lib/tinyusb/src/device/usbd.c.obj
                0x00000000100061d8                dcd_event_bus_signal
 .text.dcd_event_bus_reset
                0x00000000100062f8       0x54 CMakeFiles/jester.dir/home/h/Work/pico/pico-sdk/lib/tinyusb/src/device/usbd.c.obj
                0x00000000100062f8                dcd_event_bus_reset
 .text.dcd_event_setup_received
                0x000000001000634c       0x50 CMakeFiles/jester.dir/home/h/Work/pico/pico-sdk/lib/tinyusb/src/device/usbd.c.obj
                0x000000001000634c                dcd_event_setup_received
 .text.dcd_event_xfer_complete
                0x000000001000639c       0x68 CMakeFiles/jester.dir/home/h/Work/pico/pico-sdk/lib/tinyusb/src/device/usbd.c.obj
                0x000000001000639c                dcd_event_xfer_complete
 .text.usbd_open_edpt_pair
                0x0000000010006404       0x80 CMakeFiles/jester.dir/home/h/Work/pico/pico-sdk/lib/tinyusb/src/device/usbd.c.obj
                0x0000000010006404                usbd_open_edpt_pair
 .text.usbd_edpt_open
                0x0000000010006484       0x30 CMakeFiles/jester.dir/home/h/Work/pico/pico-sdk/lib/tinyusb/src/device/usbd.c.obj
                0x0000000010006484                usbd_edpt_open
 .text.usbd_edpt_claim
                0x00000000100064b4       0x64 CMakeFiles/jester.dir/home/h/Work/pico/pico-sdk/lib/tinyusb/src/device/usbd.c.obj
                0x00000000100064b4                usbd_edpt_claim
 .text.usbd_edpt_release
                0x0000000010006518       0x4c CMakeFiles/jester.dir/home/h/Work/pico/pico-sdk/lib/tinyusb/src/device/usbd.c.obj
                0x0000000010006518                usbd_edpt_release
 .text.usbd_edpt_xfer
                0x0000000010006564       0x48 CMakeFiles/jester.dir/home/h/Work/pico/pico-sdk/lib/tinyusb/src/device/usbd.c.obj
                0x0000000010006564                usbd_edpt_xfer
 .text.tud_control_status
                0x00000000100065ac       0x30 CMakeFiles/jester.dir/home/h/Work/pico/pico-sdk/lib/tinyusb/src/device/usbd_control.c.obj
                0x00000000100065ac                tud_control_status
 .text.tud_control_xfer
                0x00000000100065dc       0xbc CMakeFiles/jester.dir/home/h/Work/pico/pico-sdk/lib/tinyusb/src/device/usbd_control.c.obj
                0x00000000100065dc                tud_control_xfer
 .text.usbd_control_reset
                0x0000000010006698       0x14 CMakeFiles/jester.dir/home/h/Work/pico/pico-sdk/lib/tinyusb/src/device/usbd_control.c.obj
                0x0000000010006698                usbd_control_reset
 .text.usbd_control_set_complete_callback
                0x00000000100066ac        0xc CMakeFiles/jester.dir/home/h/Work/pico/pico-sdk/lib/tinyusb/src/device/usbd_control.c.obj
                0x00000000100066ac                usbd_control_set_complete_callback
 .text.usbd_control_set_request
                0x00000000100066b8       0x1c CMakeFiles/jester.dir/home/h/Work/pico/pico-sdk/lib/tinyusb/src/device/usbd_control.c.obj
                0x00000000100066b8                usbd_control_set_request
 .text.usbd_control_xfer_cb
                0x00000000100066d4       0xfc CMakeFiles/jester.dir/home/h/Work/pico/pico-sdk/lib/tinyusb/src/device/usbd_control.c.obj
                0x00000000100066d4                usbd_control_xfer_cb
 .text.tud_cdc_n_connected
                0x00000000100067d0       0x30 CMakeFiles/jester.dir/home/h/Work/pico/pico-sdk/lib/tinyusb/src/class/cdc/cdc_device.c.obj
                0x00000000100067d0                tud_cdc_n_connected
 .text.tud_cdc_n_available
                0x0000000010006800       0x18 CMakeFiles/jester.dir/home/h/Work/pico/pico-sdk/lib/tinyusb/src/class/cdc/cdc_device.c.obj
                0x0000000010006800                tud_cdc_n_available
 .text.tud_cdc_n_read
                0x0000000010006818       0x70 CMakeFiles/jester.dir/home/h/Work/pico/pico-sdk/lib/tinyusb/src/class/cdc/cdc_device.c.obj
                0x0000000010006818                tud_cdc_n_read
 .text.tud_cdc_n_write_flush
                0x0000000010006888       0x78 CMakeFiles/jester.dir/home/h/Work/pico/pico-sdk/lib/tinyusb/src/class/cdc/cdc_device.c.obj
                0x0000000010006888                tud_cdc_n_write_flush
 .text.tud_cdc_n_write
                0x0000000010006900       0x34 CMakeFiles/jester.dir/home/h/Work/pico/pico-sdk/lib/tinyusb/src/class/cdc/cdc_device.c.obj
                0x0000000010006900                tud_cdc_n_write
 .text.tud_cdc_n_write_available
                0x0000000010006934       0x18 CMakeFiles/jester.dir/home/h/Work/pico/pico-sdk/lib/tinyusb/src/class/cdc/cdc_device.c.obj
                0x0000000010006934                tud_cdc_n_write_available
 .text.cdcd_init
                0x000000001000694c       0x7c CMakeFiles/jester.dir/home/h/Work/pico/pico-sdk/lib/tinyusb/src/class/cdc/cdc_device.c.obj
                0x000000001000694c                cdcd_init
 .text.cdcd_reset
                0x00000000100069c8       0x2c CMakeFiles/jester.dir/home/h/Work/pico/pico-sdk/lib/tinyusb/src/class/cdc/cdc_device.c.obj
                0x00000000100069c8                cdcd_reset
 .text.cdcd_open
                0x00000000100069f4       0xe4 CMakeFiles/jester.dir/home/h/Work/pico/pico-sdk/lib/tinyusb/src/class/cdc/cdc_device.c.obj
                0x00000000100069f4                cdcd_open
 .text.cdcd_control_xfer_cb
                0x0000000010006ad8       0xe4 CMakeFiles/jester.dir/home/h/Work/pico/pico-sdk/lib/tinyusb/src/class/cdc/cdc_device.c.obj
                0x0000000010006ad8                cdcd_control_xfer_cb
 .text.cdcd_xfer_cb
                0x0000000010006bbc      0x148 CMakeFiles/jester.dir/home/h/Work/pico/pico-sdk/lib/tinyusb/src/class/cdc/cdc_device.c.obj
                0x0000000010006bbc                cdcd_xfer_cb
 .text.tusb_init
                0x0000000010006d04        0xc CMakeFiles/jester.dir/home/h/Work/pico/pico-sdk/lib/tinyusb/src/tusb.c.obj
                0x0000000010006d04                tusb_init
 .text.tusb_inited
                0x0000000010006d10        0x8 CMakeFiles/jester.dir/home/h/Work/pico/pico-sdk/lib/tinyusb/src/tusb.c.obj
                0x0000000010006d10                tusb_inited
 .text.tu_edpt_validate
                0x0000000010006d18       0x78 CMakeFiles/jester.dir/home/h/Work/pico/pico-sdk/lib/tinyusb/src/tusb.c.obj
                0x0000000010006d18                tu_edpt_validate
 .text.tu_edpt_bind_driver
                0x0000000010006d90       0x2c CMakeFiles/jester.dir/home/h/Work/pico/pico-sdk/lib/tinyusb/src/tusb.c.obj
                0x0000000010006d90                tu_edpt_bind_driver
 .text.tu_fifo_config
                0x0000000010006dbc       0x78 CMakeFiles/jester.dir/home/h/Work/pico/pico-sdk/lib/tinyusb/src/common/tusb_fifo.c.obj
                0x0000000010006dbc                tu_fifo_config
 .text.tu_fifo_count
                0x0000000010006e34       0x20 CMakeFiles/jester.dir/home/h/Work/pico/pico-sdk/lib/tinyusb/src/common/tusb_fifo.c.obj
                0x0000000010006e34                tu_fifo_count
 .text.tu_fifo_empty
                0x0000000010006e54       0x10 CMakeFiles/jester.dir/home/h/Work/pico/pico-sdk/lib/tinyusb/src/common/tusb_fifo.c.obj
                0x0000000010006e54                tu_fifo_empty
 .text.tu_fifo_remaining
                0x0000000010006e64       0x1c CMakeFiles/jester.dir/home/h/Work/pico/pico-sdk/lib/tinyusb/src/common/tusb_fifo.c.obj
                0x0000000010006e64                tu_fifo_remaining
 .text.tu_fifo_read
                0x0000000010006e80       0x9c CMakeFiles/jester.dir/home/h/Work/pico/pico-sdk/lib/tinyusb/src/common/tusb_fifo.c.obj
                0x0000000010006e80                tu_fifo_read
 .text.tu_fifo_read_n
                0x0000000010006f1c      0x100 CMakeFiles/jester.dir/home/h/Work/pico/pico-sdk/lib/tinyusb/src/common/tusb_fifo.c.obj
                0x0000000010006f1c                tu_fifo_read_n
 .text.tu_fifo_write
                0x000000001000701c       0x7c CMakeFiles/jester.dir/home/h/Work/pico/pico-sdk/lib/tinyusb/src/common/tusb_fifo.c.obj
                0x000000001000701c                tu_fifo_write
 .text.tu_fifo_write_n
                0x0000000010007098      0x100 CMakeFiles/jester.dir/home/h/Work/pico/pico-sdk/lib/tinyusb/src/common/tusb_fifo.c.obj
                0x0000000010007098                tu_fifo_write_n
 .text.tu_fifo_clear
                0x0000000010007198       0x4c CMakeFiles/jester.dir/home/h/Work/pico/pico-sdk/lib/tinyusb/src/common/tusb_fifo.c.obj
                0x0000000010007198                tu_fifo_clear
 .text.tu_fifo_set_overwritable
                0x00000000100071e4       0x3c CMakeFiles/jester.dir/home/h/Work/pico/pico-sdk/lib/tinyusb/src/common/tusb_fifo.c.obj
                0x00000000100071e4                tu_fifo_set_overwritable
 .text.startup._retrieve_unique_id_on_boot
                0x0000000010007220       0x10 CMakeFiles/jester.dir/home/h/Work/pico/pico-sdk/src/rp2_common/pico_unique_id/unique_id.c.obj
 .text.pico_get_unique_board_id_string
                0x0000000010007230      0x1a8 CMakeFiles/jester.dir/home/h/Work/pico/pico-sdk/src/rp2_common/pico_unique_id/unique_id.c.obj
                0x0000000010007230                pico_get_unique_board_id_string
 .text.flash_get_unique_id
                0x00000000100073d8       0x40 CMakeFiles/jester.dir/home/h/Work/pico/pico-sdk/src/rp2_common/hardware_flash/flash.c.obj
                0x00000000100073d8                flash_get_unique_id
 .text.startup._GLOBAL__sub_I__ZN7PicoLed13PicoLedTargetC2EjNS_8DataByteES1_S1_S1_
                0x0000000010007418       0x18 CMakeFiles/jester.dir/PicoLED/PicoLedTarget.cpp.obj
 .text.startup._GLOBAL__sub_I__ZN7PicoLed17PicoLedControllerC2ESt10shared_ptrINS_13PicoLedTargetEE
                0x0000000010007430       0x18 CMakeFiles/jester.dir/PicoLED/PicoLedController.cpp.obj
 .text.startup._GLOBAL__sub_I__ZN7PicoLed8PioStripC2EP8pio_hw_tjjjNS_8DataByteES3_S3_S3_
                0x0000000010007448       0x18 CMakeFiles/jester.dir/PicoLED/PioStrip.cpp.obj
 .text.startup._GLOBAL__sub_I__ZN7PicoLed4FadeC2ERNS_17PicoLedControllerENS_5ColorEd
                0x0000000010007460       0x18 CMakeFiles/jester.dir/PicoLED/Effects/Fade.cpp.obj
 .text.startup._GLOBAL__sub_I__ZN7PicoLed7MarqueeC2ERNS_17PicoLedControllerESt6vectorINS_5ColorESaIS4_EEdd
                0x0000000010007478       0x18 CMakeFiles/jester.dir/PicoLED/Effects/Marquee.cpp.obj
 .text.startup._GLOBAL__sub_I__ZN7PicoLed5StarsC2ERNS_17PicoLedControllerENS_5ColorEd
                0x0000000010007490       0x18 CMakeFiles/jester.dir/PicoLED/Effects/Stars.cpp.obj
 .text.startup._GLOBAL__sub_I__ZN7PicoLed5CometC2ERNS_17PicoLedControllerENS_5ColorEdd
                0x00000000100074a8       0x18 CMakeFiles/jester.dir/PicoLED/Effects/Comet.cpp.obj
 .text.startup._GLOBAL__sub_I__ZN7PicoLed6BounceC2ERNS_17PicoLedControllerEdd
                0x00000000100074c0       0x18 CMakeFiles/jester.dir/PicoLED/Effects/Bounce.cpp.obj
 .text.startup._GLOBAL__sub_I__ZN7PicoLed9ParticlesC2ERNS_17PicoLedControllerESt6vectorINS_5ColorESaIS4_EE
                0x00000000100074d8       0x18 CMakeFiles/jester.dir/PicoLED/Effects/Particles.cpp.obj
 .text._ZNK10__cxxabiv117__class_type_info11__do_upcastEPKS0_PPv
                0x00000000100074f0       0x34 /usr/lib/gcc/arm-none-eabi/10.3.1/../../../arm-none-eabi/lib/thumb/v6-m/nofp/libstdc++.a(class_type_info.o)
                0x00000000100074f0                __cxxabiv1::__class_type_info::__do_upcast(__cxxabiv1::__class_type_info const*, void**) const
 .text._ZNK10__cxxabiv117__class_type_info20__do_find_public_srcEiPKvPKS0_S2_
                0x0000000010007524       0x14 /usr/lib/gcc/arm-none-eabi/10.3.1/../../../arm-none-eabi/lib/thumb/v6-m/nofp/libstdc++.a(class_type_info.o)
                0x0000000010007524                __cxxabiv1::__class_type_info::__do_find_public_src(int, void const*, __cxxabiv1::__class_type_info const*, void const*) const
 .text._ZN10__cxxabiv117__class_type_infoD2Ev
                0x0000000010007538       0x18 /usr/lib/gcc/arm-none-eabi/10.3.1/../../../arm-none-eabi/lib/thumb/v6-m/nofp/libstdc++.a(class_type_info.o)
                0x0000000010007538                __cxxabiv1::__class_type_info::~__class_type_info()
                0x0000000010007538                __cxxabiv1::__class_type_info::~__class_type_info()
 .text._ZN10__cxxabiv117__class_type_infoD0Ev
                0x0000000010007550       0x20 /usr/lib/gcc/arm-none-eabi/10.3.1/../../../arm-none-eabi/lib/thumb/v6-m/nofp/libstdc++.a(class_type_info.o)
                0x0000000010007550                __cxxabiv1::__class_type_info::~__class_type_info()
 .text._ZNK10__cxxabiv117__class_type_info12__do_dyncastEiNS0_10__sub_kindEPKS0_PKvS3_S5_RNS0_16__dyncast_resultE
                0x0000000010007570       0x40 /usr/lib/gcc/arm-none-eabi/10.3.1/../../../arm-none-eabi/lib/thumb/v6-m/nofp/libstdc++.a(class_type_info.o)
                0x0000000010007570                __cxxabiv1::__class_type_info::__do_dyncast(int, __cxxabiv1::__class_type_info::__sub_kind, __cxxabiv1::__class_type_info const*, void const*, __cxxabiv1::__class_type_info const*, void const*, __cxxabiv1::__class_type_info::__dyncast_result&) const
 .text._ZNK10__cxxabiv117__class_type_info11__do_upcastEPKS0_PKvRNS0_15__upcast_resultE
                0x00000000100075b0       0x1c /usr/lib/gcc/arm-none-eabi/10.3.1/../../../arm-none-eabi/lib/thumb/v6-m/nofp/libstdc++.a(class_type_info.o)
                0x00000000100075b0                __cxxabiv1::__class_type_info::__do_upcast(__cxxabiv1::__class_type_info const*, void const*, __cxxabiv1::__class_type_info::__upcast_result&) const
 .text._ZNK10__cxxabiv117__class_type_info10__do_catchEPKSt9type_infoPPvj
                0x00000000100075cc       0x24 /usr/lib/gcc/arm-none-eabi/10.3.1/../../../arm-none-eabi/lib/thumb/v6-m/nofp/libstdc++.a(class_type_info.o)
                0x00000000100075cc                __cxxabiv1::__class_type_info::__do_catch(std::type_info const*, void**, unsigned int) const
 .text._ZdlPvj  0x00000000100075f0        0x8 /usr/lib/gcc/arm-none-eabi/10.3.1/../../../arm-none-eabi/lib/thumb/v6-m/nofp/libstdc++.a(del_ops.o)
                0x00000000100075f0                operator delete(void*, unsigned int)
 .text.__cxa_end_cleanup
                0x00000000100075f8        0xc /usr/lib/gcc/arm-none-eabi/10.3.1/../../../arm-none-eabi/lib/thumb/v6-m/nofp/libstdc++.a(eh_arm.o)
                0x00000000100075f8                __cxa_end_cleanup
 .text.__cxa_type_match
                0x0000000010007604       0xc0 /usr/lib/gcc/arm-none-eabi/10.3.1/../../../arm-none-eabi/lib/thumb/v6-m/nofp/libstdc++.a(eh_arm.o)
                0x0000000010007604                __cxa_type_match
 .text.__cxa_begin_cleanup
                0x00000000100076c4       0x60 /usr/lib/gcc/arm-none-eabi/10.3.1/../../../arm-none-eabi/lib/thumb/v6-m/nofp/libstdc++.a(eh_arm.o)
                0x00000000100076c4                __cxa_begin_cleanup
 .text.__gnu_end_cleanup
                0x0000000010007724       0x70 /usr/lib/gcc/arm-none-eabi/10.3.1/../../../arm-none-eabi/lib/thumb/v6-m/nofp/libstdc++.a(eh_arm.o)
                0x0000000010007724                __gnu_end_cleanup
 .text.__cxa_begin_catch
                0x0000000010007794       0x74 /usr/lib/gcc/arm-none-eabi/10.3.1/../../../arm-none-eabi/lib/thumb/v6-m/nofp/libstdc++.a(eh_catch.o)
                0x0000000010007794                __cxa_begin_catch
 .text.__cxa_end_catch
                0x0000000010007808       0x90 /usr/lib/gcc/arm-none-eabi/10.3.1/../../../arm-none-eabi/lib/thumb/v6-m/nofp/libstdc++.a(eh_catch.o)
                0x0000000010007808                __cxa_end_catch
 .text._ZNSt13bad_exceptionD2Ev
                0x0000000010007898        0x4 /usr/lib/gcc/arm-none-eabi/10.3.1/../../../arm-none-eabi/lib/thumb/v6-m/nofp/libstdc++.a(eh_exception.o)
                0x0000000010007898                std::bad_exception::~bad_exception()
                0x0000000010007898                std::bad_exception::~bad_exception()
 .text._ZNKSt13bad_exception4whatEv
                0x000000001000789c        0x8 /usr/lib/gcc/arm-none-eabi/10.3.1/../../../arm-none-eabi/lib/thumb/v6-m/nofp/libstdc++.a(eh_exception.o)
                0x000000001000789c                transaction clone for std::bad_exception::what() const
                0x000000001000789c                std::bad_exception::what() const
 .text._ZNSt13bad_exceptionD0Ev
                0x00000000100078a4       0x10 /usr/lib/gcc/arm-none-eabi/10.3.1/../../../arm-none-eabi/lib/thumb/v6-m/nofp/libstdc++.a(eh_exception.o)
                0x00000000100078a4                std::bad_exception::~bad_exception()
 .text.__cxa_get_globals_fast
                0x00000000100078b4        0x8 /usr/lib/gcc/arm-none-eabi/10.3.1/../../../arm-none-eabi/lib/thumb/v6-m/nofp/libstdc++.a(eh_globals.o)
                0x00000000100078b4                __cxa_get_globals_fast
 .text.__cxa_get_globals
                0x00000000100078bc        0x8 /usr/lib/gcc/arm-none-eabi/10.3.1/../../../arm-none-eabi/lib/thumb/v6-m/nofp/libstdc++.a(eh_globals.o)
                0x00000000100078bc                __cxa_get_globals
 .text._ZL28read_encoded_value_with_basehjPKhPj
                0x00000000100078c4      0x114 /usr/lib/gcc/arm-none-eabi/10.3.1/../../../arm-none-eabi/lib/thumb/v6-m/nofp/libstdc++.a(eh_personality.o)
 .text._ZL21base_of_encoded_valuehP15_Unwind_Context
                0x00000000100079d8       0x48 /usr/lib/gcc/arm-none-eabi/10.3.1/../../../arm-none-eabi/lib/thumb/v6-m/nofp/libstdc++.a(eh_personality.o)
 .text._ZL17parse_lsda_headerP15_Unwind_ContextPKhP16lsda_header_info
                0x0000000010007a20       0x98 /usr/lib/gcc/arm-none-eabi/10.3.1/../../../arm-none-eabi/lib/thumb/v6-m/nofp/libstdc++.a(eh_personality.o)
 .text.__gxx_personality_v0
                0x0000000010007ab8      0x4c8 /usr/lib/gcc/arm-none-eabi/10.3.1/../../../arm-none-eabi/lib/thumb/v6-m/nofp/libstdc++.a(eh_personality.o)
                0x0000000010007ab8                __gxx_personality_v0
 .text._ZN10__cxxabiv111__terminateEPFvvE
                0x0000000010007f80       0x28 /usr/lib/gcc/arm-none-eabi/10.3.1/../../../arm-none-eabi/lib/thumb/v6-m/nofp/libstdc++.a(eh_terminate.o)
                0x0000000010007f80                __cxxabiv1::__terminate(void (*)())
 .text._ZSt9terminatev
                0x0000000010007fa8       0x10 /usr/lib/gcc/arm-none-eabi/10.3.1/../../../arm-none-eabi/lib/thumb/v6-m/nofp/libstdc++.a(eh_terminate.o)
                0x0000000010007fa8                std::terminate()
 .text._ZN10__cxxabiv112__unexpectedEPFvvE
                0x0000000010007fb8        0x8 /usr/lib/gcc/arm-none-eabi/10.3.1/../../../arm-none-eabi/lib/thumb/v6-m/nofp/libstdc++.a(eh_terminate.o)
                0x0000000010007fb8                __cxxabiv1::__unexpected(void (*)())
 .text._ZSt10unexpectedv
                0x0000000010007fc0       0x10 /usr/lib/gcc/arm-none-eabi/10.3.1/../../../arm-none-eabi/lib/thumb/v6-m/nofp/libstdc++.a(eh_terminate.o)
                0x0000000010007fc0                std::unexpected()
 .text._ZSt13get_terminatev
                0x0000000010007fd0        0xc /usr/lib/gcc/arm-none-eabi/10.3.1/../../../arm-none-eabi/lib/thumb/v6-m/nofp/libstdc++.a(eh_terminate.o)
                0x0000000010007fd0                std::get_terminate()
 .text._ZSt14get_unexpectedv
                0x0000000010007fdc        0xc /usr/lib/gcc/arm-none-eabi/10.3.1/../../../arm-none-eabi/lib/thumb/v6-m/nofp/libstdc++.a(eh_terminate.o)
                0x0000000010007fdc                std::get_unexpected()
 .text._ZL23__gxx_exception_cleanup19_Unwind_Reason_CodeP21_Unwind_Control_Block
                0x0000000010007fe8       0x34 /usr/lib/gcc/arm-none-eabi/10.3.1/../../../arm-none-eabi/lib/thumb/v6-m/nofp/libstdc++.a(eh_throw.o)
 .text.__cxa_init_primary_exception
                0x000000001000801c       0x4c /usr/lib/gcc/arm-none-eabi/10.3.1/../../../arm-none-eabi/lib/thumb/v6-m/nofp/libstdc++.a(eh_throw.o)
                0x000000001000801c                __cxa_init_primary_exception
 .text.__cxa_throw
                0x0000000010008068       0x34 /usr/lib/gcc/arm-none-eabi/10.3.1/../../../arm-none-eabi/lib/thumb/v6-m/nofp/libstdc++.a(eh_throw.o)
                0x0000000010008068                __cxa_throw
 .text.__cxa_rethrow
                0x000000001000809c       0x70 /usr/lib/gcc/arm-none-eabi/10.3.1/../../../arm-none-eabi/lib/thumb/v6-m/nofp/libstdc++.a(eh_throw.o)
                0x000000001000809c                __cxa_rethrow
 .text._ZN10__cxxabiv120__si_class_type_infoD2Ev
                0x000000001000810c       0x18 /usr/lib/gcc/arm-none-eabi/10.3.1/../../../arm-none-eabi/lib/thumb/v6-m/nofp/libstdc++.a(si_class_type_info.o)
                0x000000001000810c                __cxxabiv1::__si_class_type_info::~__si_class_type_info()
                0x000000001000810c                __cxxabiv1::__si_class_type_info::~__si_class_type_info()
 .text._ZN10__cxxabiv120__si_class_type_infoD0Ev
                0x0000000010008124       0x20 /usr/lib/gcc/arm-none-eabi/10.3.1/../../../arm-none-eabi/lib/thumb/v6-m/nofp/libstdc++.a(si_class_type_info.o)
                0x0000000010008124                __cxxabiv1::__si_class_type_info::~__si_class_type_info()
 .text._ZNK10__cxxabiv120__si_class_type_info20__do_find_public_srcEiPKvPKNS_17__class_type_infoES2_
                0x0000000010008144       0x38 /usr/lib/gcc/arm-none-eabi/10.3.1/../../../arm-none-eabi/lib/thumb/v6-m/nofp/libstdc++.a(si_class_type_info.o)
                0x0000000010008144                __cxxabiv1::__si_class_type_info::__do_find_public_src(int, void const*, __cxxabiv1::__class_type_info const*, void const*) const
 .text._ZNK10__cxxabiv120__si_class_type_info12__do_dyncastEiNS_17__class_type_info10__sub_kindEPKS1_PKvS4_S6_RNS1_16__dyncast_resultE
                0x000000001000817c       0x9c /usr/lib/gcc/arm-none-eabi/10.3.1/../../../arm-none-eabi/lib/thumb/v6-m/nofp/libstdc++.a(si_class_type_info.o)
                0x000000001000817c                __cxxabiv1::__si_class_type_info::__do_dyncast(int, __cxxabiv1::__class_type_info::__sub_kind, __cxxabiv1::__class_type_info const*, void const*, __cxxabiv1::__class_type_info const*, void const*, __cxxabiv1::__class_type_info::__dyncast_result&) const
 .text._ZNK10__cxxabiv120__si_class_type_info11__do_upcastEPKNS_17__class_type_infoEPKvRNS1_15__upcast_resultE
                0x0000000010008218       0x24 /usr/lib/gcc/arm-none-eabi/10.3.1/../../../arm-none-eabi/lib/thumb/v6-m/nofp/libstdc++.a(si_class_type_info.o)
                0x0000000010008218                __cxxabiv1::__si_class_type_info::__do_upcast(__cxxabiv1::__class_type_info const*, void const*, __cxxabiv1::__class_type_info::__upcast_result&) const
 .text._ZNSt9type_infoD2Ev
                0x000000001000823c        0x4 /usr/lib/gcc/arm-none-eabi/10.3.1/../../../arm-none-eabi/lib/thumb/v6-m/nofp/libstdc++.a(tinfo.o)
                0x000000001000823c                std::type_info::~type_info()
                0x000000001000823c                std::type_info::~type_info()
 .text._ZNKSt9type_info14__is_pointer_pEv
                0x0000000010008240        0x4 /usr/lib/gcc/arm-none-eabi/10.3.1/../../../arm-none-eabi/lib/thumb/v6-m/nofp/libstdc++.a(tinfo.o)
                0x0000000010008240                std::type_info::__is_function_p() const
                0x0000000010008240                std::type_info::__is_pointer_p() const
 .text._ZNKSt9type_infoeqERKS_
                0x0000000010008244       0x30 /usr/lib/gcc/arm-none-eabi/10.3.1/../../../arm-none-eabi/lib/thumb/v6-m/nofp/libstdc++.a(tinfo.o)
                0x0000000010008244                std::type_info::operator==(std::type_info const&) const
 .text._ZdlPv   0x0000000010008274        0x8 /usr/lib/gcc/arm-none-eabi/10.3.1/../../../arm-none-eabi/lib/thumb/v6-m/nofp/libstdc++.a(del_op.o)
                0x0000000010008274                operator delete(void*)
 .text._ZN12_GLOBAL__N_14pool4freeEPv.constprop.0
                0x000000001000827c       0x78 /usr/lib/gcc/arm-none-eabi/10.3.1/../../../arm-none-eabi/lib/thumb/v6-m/nofp/libstdc++.a(eh_alloc.o)
 .text._ZN12_GLOBAL__N_14pool8allocateEj.constprop.0
                0x00000000100082f4       0x54 /usr/lib/gcc/arm-none-eabi/10.3.1/../../../arm-none-eabi/lib/thumb/v6-m/nofp/libstdc++.a(eh_alloc.o)
 .text.__cxa_allocate_exception
                0x0000000010008348       0x2c /usr/lib/gcc/arm-none-eabi/10.3.1/../../../arm-none-eabi/lib/thumb/v6-m/nofp/libstdc++.a(eh_alloc.o)
                0x0000000010008348                __cxa_allocate_exception
 .text.__cxa_free_exception
                0x0000000010008374       0x24 /usr/lib/gcc/arm-none-eabi/10.3.1/../../../arm-none-eabi/lib/thumb/v6-m/nofp/libstdc++.a(eh_alloc.o)
                0x0000000010008374                __cxa_free_exception
 .text.startup._GLOBAL__sub_I__ZN9__gnu_cxx9__freeresEv
                0x0000000010008398       0x2c /usr/lib/gcc/arm-none-eabi/10.3.1/../../../arm-none-eabi/lib/thumb/v6-m/nofp/libstdc++.a(eh_alloc.o)
 .text._ZN10__cxxabiv1L24__is_gxx_exception_classEPc
                0x00000000100083c4       0x3c /usr/lib/gcc/arm-none-eabi/10.3.1/../../../arm-none-eabi/lib/thumb/v6-m/nofp/libstdc++.a(eh_call.o)
 .text.__cxa_call_terminate
                0x0000000010008400       0x20 /usr/lib/gcc/arm-none-eabi/10.3.1/../../../arm-none-eabi/lib/thumb/v6-m/nofp/libstdc++.a(eh_call.o)
                0x0000000010008400                __cxa_call_terminate
 .text.unlikely.__cxa_call_unexpected
                0x0000000010008420      0x100 /usr/lib/gcc/arm-none-eabi/10.3.1/../../../arm-none-eabi/lib/thumb/v6-m/nofp/libstdc++.a(eh_call.o)
                0x0000000010008420                __cxa_call_unexpected
 .text          0x0000000010008520       0x10 /usr/lib/gcc/arm-none-eabi/10.3.1/../../../arm-none-eabi/lib/thumb/v6-m/nofp/libc.a(lib_a-abort.o)
                0x0000000010008520                abort
 .text          0x0000000010008530       0x28 /usr/lib/gcc/arm-none-eabi/10.3.1/../../../arm-none-eabi/lib/thumb/v6-m/nofp/libc.a(lib_a-malloc.o)
                0x0000000010008530                malloc
                0x0000000010008544                free
 .text          0x0000000010008558      0x574 /usr/lib/gcc/arm-none-eabi/10.3.1/../../../arm-none-eabi/lib/thumb/v6-m/nofp/libc.a(lib_a-mallocr.o)
                0x0000000010008558                _malloc_r
 .text          0x0000000010008acc        0x8 /usr/lib/gcc/arm-none-eabi/10.3.1/../../../arm-none-eabi/lib/thumb/v6-m/nofp/libc.a(lib_a-mlock.o)
                0x0000000010008acc                __malloc_lock
                0x0000000010008ad0                __malloc_unlock
 .text          0x0000000010008ad4       0x24 /usr/lib/gcc/arm-none-eabi/10.3.1/../../../arm-none-eabi/lib/thumb/v6-m/nofp/libc.a(lib_a-sbrkr.o)
                0x0000000010008ad4                _sbrk_r
 .text          0x0000000010008af8      0x2a0 /usr/lib/gcc/arm-none-eabi/10.3.1/../../../arm-none-eabi/lib/thumb/v6-m/nofp/libc.a(lib_a-signal.o)
                0x0000000010008af8                _init_signal_r
                0x0000000010008b2c                _signal_r
                0x0000000010008b84                _raise_r
                0x0000000010008be0                __sigtramp_r
                0x0000000010008c40                raise
                0x0000000010008ca0                signal
                0x0000000010008cf4                _init_signal
                0x0000000010008d30                __sigtramp
 .text          0x0000000010008d98       0x30 /usr/lib/gcc/arm-none-eabi/10.3.1/../../../arm-none-eabi/lib/thumb/v6-m/nofp/libc.a(lib_a-signalr.o)
                0x0000000010008d98                _kill_r
                0x0000000010008dc0                _getpid_r
 .text          0x0000000010008dc8       0x88 /usr/lib/gcc/arm-none-eabi/10.3.1/../../../arm-none-eabi/lib/thumb/v6-m/nofp/libc.a(lib_a-strcmp.o)
                0x0000000010008dc8                strcmp
 .text          0x0000000010008e50       0x5c /usr/lib/gcc/arm-none-eabi/10.3.1/../../../arm-none-eabi/lib/thumb/v6-m/nofp/libc.a(lib_a-strlen-stub.o)
                0x0000000010008e50                strlen
 .text          0x0000000010008eac      0x260 /usr/lib/gcc/arm-none-eabi/10.3.1/../../../arm-none-eabi/lib/thumb/v6-m/nofp/libc.a(lib_a-freer.o)
                0x0000000010008eac                _malloc_trim_r
                0x0000000010008f48                _free_r
 .text          0x000000001000910c       0x10 /usr/lib/gcc/arm-none-eabi/10.3.1/../../../arm-none-eabi/lib/thumb/v6-m/nofp/libnosys.a(getpid.o)
                0x000000001000910c                _getpid
 .text          0x000000001000911c       0x10 /usr/lib/gcc/arm-none-eabi/10.3.1/../../../arm-none-eabi/lib/thumb/v6-m/nofp/libnosys.a(kill.o)
                0x000000001000911c                _kill
 *(.fini)
 .fini          0x000000001000912c        0x4 /usr/lib/gcc/arm-none-eabi/10.3.1/thumb/v6-m/nofp/crti.o
                0x000000001000912c                _fini
 .fini.__stub   0x0000000010009130      0x130 linker stubs
 *crtbegin.o(.ctors)
 *crtbegin?.o(.ctors)
 *(EXCLUDE_FILE(*crtend.o *crtend?.o) .ctors)
 *(SORT_BY_NAME(.ctors.*))
 *(.ctors)
 *crtbegin.o(.dtors)
 *crtbegin?.o(.dtors)
 *(EXCLUDE_FILE(*crtend.o *crtend?.o) .dtors)
 *(SORT_BY_NAME(.dtors.*))
 *(.dtors)
 *(.eh_frame*)
 .eh_frame      0x0000000010009260        0x0 /usr/lib/gcc/arm-none-eabi/10.3.1/thumb/v6-m/nofp/crtbegin.o
                0x0000000010009260                . = ALIGN (0x4)

.glue_7         0x0000000010009260        0x0
 .glue_7        0x0000000010009260        0x0 linker stubs

.glue_7t        0x0000000010009260        0x0
 .glue_7t       0x0000000010009260        0x0 linker stubs

.vfp11_veneer   0x0000000010009260        0x0
 .vfp11_veneer  0x0000000010009260        0x0 linker stubs

.v4_bx          0x0000000010009260        0x0
 .v4_bx         0x0000000010009260        0x0 linker stubs

.iplt           0x0000000010009260        0x0
 .iplt          0x0000000010009260        0x0 /usr/lib/gcc/arm-none-eabi/10.3.1/thumb/v6-m/nofp/crtbegin.o

.rodata         0x0000000010009260      0x700
 *(EXCLUDE_FILE(*libm.a: *libc.a:*lib_a-mem*.o *libgcc.a:) .rodata*)
 .rodata.main.str1.4
                0x0000000010009260       0x1c CMakeFiles/jester.dir/jester.cpp.obj
 .rodata.spin_lock_claim_unused.str1.4
                0x000000001000927c       0x1b CMakeFiles/jester.dir/home/h/Work/pico/pico-sdk/src/rp2_common/hardware_sync/sync.c.obj
 *fill*         0x0000000010009297        0x1 
 .rodata.user_irq_claim_unused.str1.4
                0x0000000010009298       0x1b CMakeFiles/jester.dir/home/h/Work/pico/pico-sdk/src/rp2_common/hardware_irq/irq.c.obj
 *fill*         0x00000000100092b3        0x1 
 .rodata.hardware_alarm_claim.str1.4
                0x00000000100092b4       0x22 CMakeFiles/jester.dir/home/h/Work/pico/pico-sdk/src/rp2_common/hardware_timer/timer.c.obj
 *fill*         0x00000000100092d6        0x2 
 .rodata.panic.str1.4
                0x00000000100092d8       0x12 CMakeFiles/jester.dir/home/h/Work/pico/pico-sdk/src/rp2_common/pico_runtime/runtime.c.obj
 *fill*         0x00000000100092ea        0x2 
 .rodata.hard_assertion_failure.str1.4
                0x00000000100092ec        0xc CMakeFiles/jester.dir/home/h/Work/pico/pico-sdk/src/rp2_common/pico_runtime/runtime.c.obj
 .rodata._ftoa.str1.4
                0x00000000100092f8       0x15 CMakeFiles/jester.dir/home/h/Work/pico/pico-sdk/src/rp2_common/pico_printf/printf.c.obj
 *fill*         0x000000001000930d        0x3 
 .rodata._vsnprintf
                0x0000000010009310      0x1e0 CMakeFiles/jester.dir/home/h/Work/pico/pico-sdk/src/rp2_common/pico_printf/printf.c.obj
 .rodata.pow10.0
                0x00000000100094f0       0x50 CMakeFiles/jester.dir/home/h/Work/pico/pico-sdk/src/rp2_common/pico_printf/printf.c.obj
 .rodata.__wrap_malloc.str1.4
                0x0000000010009540        0xe CMakeFiles/jester.dir/home/h/Work/pico/pico-sdk/src/rp2_common/pico_malloc/pico_malloc.c.obj
 *fill*         0x000000001000954e        0x2 
 .rodata.str1.4
                0x0000000010009550       0x3c CMakeFiles/jester.dir/home/h/Work/pico/pico-sdk/src/rp2_common/pico_standard_link/binary_info.c.obj
 .rodata.__bi_44
                0x000000001000958c        0xc CMakeFiles/jester.dir/home/h/Work/pico/pico-sdk/src/rp2_common/pico_standard_link/binary_info.c.obj
 .rodata.__bi_75
                0x0000000010009598        0xc CMakeFiles/jester.dir/home/h/Work/pico/pico-sdk/src/rp2_common/pico_standard_link/binary_info.c.obj
 .rodata.__bi_81
                0x00000000100095a4        0xc CMakeFiles/jester.dir/home/h/Work/pico/pico-sdk/src/rp2_common/pico_standard_link/binary_info.c.obj
 .rodata.crlf_str.0
                0x00000000100095b0        0x2 CMakeFiles/jester.dir/home/h/Work/pico/pico-sdk/src/rp2_common/pico_stdio/stdio.c.obj
 *fill*         0x00000000100095b2        0x2 
 .rodata._resetd_driver
                0x00000000100095b4       0x18 CMakeFiles/jester.dir/home/h/Work/pico/pico-sdk/src/rp2_common/pico_stdio_usb/reset_interface.c.obj
 .rodata.str1.4
                0x00000000100095cc       0x13 CMakeFiles/jester.dir/home/h/Work/pico/pico-sdk/src/rp2_common/pico_stdio_usb/stdio_usb.c.obj
 *fill*         0x00000000100095df        0x1 
 .rodata.__bi_118.0
                0x00000000100095e0        0xc CMakeFiles/jester.dir/home/h/Work/pico/pico-sdk/src/rp2_common/pico_stdio_usb/stdio_usb.c.obj
 .rodata.str1.4
                0x00000000100095ec       0x2a CMakeFiles/jester.dir/home/h/Work/pico/pico-sdk/src/rp2_common/pico_stdio_usb/stdio_usb_descriptors.c.obj
 *fill*         0x0000000010009616        0x2 
 .rodata.usbd_desc_cfg
                0x0000000010009618       0x54 CMakeFiles/jester.dir/home/h/Work/pico/pico-sdk/src/rp2_common/pico_stdio_usb/stdio_usb_descriptors.c.obj
 .rodata.usbd_desc_device
                0x000000001000966c       0x12 CMakeFiles/jester.dir/home/h/Work/pico/pico-sdk/src/rp2_common/pico_stdio_usb/stdio_usb_descriptors.c.obj
 *fill*         0x000000001000967e        0x2 
 .rodata.usbd_desc_str
                0x0000000010009680       0x18 CMakeFiles/jester.dir/home/h/Work/pico/pico-sdk/src/rp2_common/pico_stdio_usb/stdio_usb_descriptors.c.obj
 .rodata.dcd_rp2040_irq.str1.4
                0x0000000010009698       0x14 CMakeFiles/jester.dir/home/h/Work/pico/pico-sdk/lib/tinyusb/src/portable/raspberrypi/rp2040/dcd_rp2040.c.obj
 .rodata._hw_endpoint_buffer_control_update32.part.0.isra.0.str1.4
                0x00000000100096ac       0x1f CMakeFiles/jester.dir/home/h/Work/pico/pico-sdk/lib/tinyusb/src/portable/raspberrypi/rp2040/rp2040_usb.c.obj
 *fill*         0x00000000100096cb        0x1 
 .rodata.hw_endpoint_xfer_continue.str1.4
                0x00000000100096cc       0x29 CMakeFiles/jester.dir/home/h/Work/pico/pico-sdk/lib/tinyusb/src/portable/raspberrypi/rp2040/rp2040_usb.c.obj
 *fill*         0x00000000100096f5        0x3 
 .rodata.str1.4
                0x00000000100096f8        0x7 CMakeFiles/jester.dir/home/h/Work/pico/pico-sdk/lib/tinyusb/src/portable/raspberrypi/rp2040/rp2040_usb.c.obj
 *fill*         0x00000000100096ff        0x1 
 .rodata.tud_task
                0x0000000010009700       0x8c CMakeFiles/jester.dir/home/h/Work/pico/pico-sdk/lib/tinyusb/src/device/usbd.c.obj
 .rodata._usbd_driver
                0x000000001000978c       0x18 CMakeFiles/jester.dir/home/h/Work/pico/pico-sdk/lib/tinyusb/src/device/usbd.c.obj
 .rodata._ZTIN10__cxxabiv117__class_type_infoE
                0x00000000100097a4        0xc /usr/lib/gcc/arm-none-eabi/10.3.1/../../../arm-none-eabi/lib/thumb/v6-m/nofp/libstdc++.a(class_type_info.o)
                0x00000000100097a4                typeinfo for __cxxabiv1::__class_type_info
 .rodata._ZTSN10__cxxabiv117__class_type_infoE
                0x00000000100097b0       0x22 /usr/lib/gcc/arm-none-eabi/10.3.1/../../../arm-none-eabi/lib/thumb/v6-m/nofp/libstdc++.a(class_type_info.o)
                0x00000000100097b0                typeinfo name for __cxxabiv1::__class_type_info
 *fill*         0x00000000100097d2        0x2 
 .rodata._ZTVN10__cxxabiv117__class_type_infoE
                0x00000000100097d4       0x2c /usr/lib/gcc/arm-none-eabi/10.3.1/../../../arm-none-eabi/lib/thumb/v6-m/nofp/libstdc++.a(class_type_info.o)
                0x00000000100097d4                vtable for __cxxabiv1::__class_type_info
 .rodata._ZNKSt13bad_exception4whatEv.str1.4
                0x0000000010009800       0x13 /usr/lib/gcc/arm-none-eabi/10.3.1/../../../arm-none-eabi/lib/thumb/v6-m/nofp/libstdc++.a(eh_exception.o)
 *fill*         0x0000000010009813        0x1 
 .rodata._ZTIN10__cxxabiv115__forced_unwindE
                0x0000000010009814        0x8 /usr/lib/gcc/arm-none-eabi/10.3.1/../../../arm-none-eabi/lib/thumb/v6-m/nofp/libstdc++.a(eh_exception.o)
                0x0000000010009814                typeinfo for __cxxabiv1::__forced_unwind
 .rodata._ZTIN10__cxxabiv119__foreign_exceptionE
                0x000000001000981c        0x8 /usr/lib/gcc/arm-none-eabi/10.3.1/../../../arm-none-eabi/lib/thumb/v6-m/nofp/libstdc++.a(eh_exception.o)
                0x000000001000981c                typeinfo for __cxxabiv1::__foreign_exception
 .rodata._ZTISt13bad_exception
                0x0000000010009824        0xc /usr/lib/gcc/arm-none-eabi/10.3.1/../../../arm-none-eabi/lib/thumb/v6-m/nofp/libstdc++.a(eh_exception.o)
                0x0000000010009824                typeinfo for std::bad_exception
 .rodata._ZTISt9exception
                0x0000000010009830        0x8 /usr/lib/gcc/arm-none-eabi/10.3.1/../../../arm-none-eabi/lib/thumb/v6-m/nofp/libstdc++.a(eh_exception.o)
                0x0000000010009830                typeinfo for std::exception
 .rodata._ZTSN10__cxxabiv115__forced_unwindE
                0x0000000010009838       0x20 /usr/lib/gcc/arm-none-eabi/10.3.1/../../../arm-none-eabi/lib/thumb/v6-m/nofp/libstdc++.a(eh_exception.o)
                0x0000000010009838                typeinfo name for __cxxabiv1::__forced_unwind
 .rodata._ZTSN10__cxxabiv119__foreign_exceptionE
                0x0000000010009858       0x24 /usr/lib/gcc/arm-none-eabi/10.3.1/../../../arm-none-eabi/lib/thumb/v6-m/nofp/libstdc++.a(eh_exception.o)
                0x0000000010009858                typeinfo name for __cxxabiv1::__foreign_exception
 .rodata._ZTSSt13bad_exception
                0x000000001000987c       0x12 /usr/lib/gcc/arm-none-eabi/10.3.1/../../../arm-none-eabi/lib/thumb/v6-m/nofp/libstdc++.a(eh_exception.o)
                0x000000001000987c                typeinfo name for std::bad_exception
 *fill*         0x000000001000988e        0x2 
 .rodata._ZTSSt9exception
                0x0000000010009890        0xd /usr/lib/gcc/arm-none-eabi/10.3.1/../../../arm-none-eabi/lib/thumb/v6-m/nofp/libstdc++.a(eh_exception.o)
                0x0000000010009890                typeinfo name for std::exception
 *fill*         0x000000001000989d        0x3 
 .rodata._ZTVSt13bad_exception
                0x00000000100098a0       0x14 /usr/lib/gcc/arm-none-eabi/10.3.1/../../../arm-none-eabi/lib/thumb/v6-m/nofp/libstdc++.a(eh_exception.o)
                0x00000000100098a0                vtable for std::bad_exception
 .rodata._ZL28read_encoded_value_with_basehjPKhPj
                0x00000000100098b4       0x34 /usr/lib/gcc/arm-none-eabi/10.3.1/../../../arm-none-eabi/lib/thumb/v6-m/nofp/libstdc++.a(eh_personality.o)
 .rodata._ZTIN10__cxxabiv120__si_class_type_infoE
                0x00000000100098e8        0xc /usr/lib/gcc/arm-none-eabi/10.3.1/../../../arm-none-eabi/lib/thumb/v6-m/nofp/libstdc++.a(si_class_type_info.o)
                0x00000000100098e8                typeinfo for __cxxabiv1::__si_class_type_info
 .rodata._ZTSN10__cxxabiv120__si_class_type_infoE
                0x00000000100098f4       0x25 /usr/lib/gcc/arm-none-eabi/10.3.1/../../../arm-none-eabi/lib/thumb/v6-m/nofp/libstdc++.a(si_class_type_info.o)
                0x00000000100098f4                typeinfo name for __cxxabiv1::__si_class_type_info
 *fill*         0x0000000010009919        0x3 
 .rodata._ZTVN10__cxxabiv120__si_class_type_infoE
                0x000000001000991c       0x2c /usr/lib/gcc/arm-none-eabi/10.3.1/../../../arm-none-eabi/lib/thumb/v6-m/nofp/libstdc++.a(si_class_type_info.o)
                0x000000001000991c                vtable for __cxxabiv1::__si_class_type_info
 .rodata._ZTISt9type_info
                0x0000000010009948        0x8 /usr/lib/gcc/arm-none-eabi/10.3.1/../../../arm-none-eabi/lib/thumb/v6-m/nofp/libstdc++.a(tinfo.o)
                0x0000000010009948                typeinfo for std::type_info
 .rodata._ZTSSt9type_info
                0x0000000010009950        0xd /usr/lib/gcc/arm-none-eabi/10.3.1/../../../arm-none-eabi/lib/thumb/v6-m/nofp/libstdc++.a(tinfo.o)
                0x0000000010009950                typeinfo name for std::type_info
                0x0000000010009960                . = ALIGN (0x4)
 *fill*         0x000000001000995d        0x3 
 *(SORT_BY_ALIGNMENT(SORT_BY_NAME(.flashdata*)))
                0x0000000010009960                . = ALIGN (0x4)

.ARM.extab      0x0000000010009960       0xd8
 *(.ARM.extab* .gnu.linkonce.armextab.*)
 .ARM.extab.text.__cxa_type_match
                0x0000000010009960        0xc /usr/lib/gcc/arm-none-eabi/10.3.1/../../../arm-none-eabi/lib/thumb/v6-m/nofp/libstdc++.a(eh_arm.o)
 .ARM.extab.text.__cxa_begin_catch
                0x000000001000996c        0xc /usr/lib/gcc/arm-none-eabi/10.3.1/../../../arm-none-eabi/lib/thumb/v6-m/nofp/libstdc++.a(eh_catch.o)
 .ARM.extab.text._ZL28read_encoded_value_with_basehjPKhPj
                0x0000000010009978        0xc /usr/lib/gcc/arm-none-eabi/10.3.1/../../../arm-none-eabi/lib/thumb/v6-m/nofp/libstdc++.a(eh_personality.o)
 .ARM.extab.text.__gxx_personality_v0
                0x0000000010009984       0x28 /usr/lib/gcc/arm-none-eabi/10.3.1/../../../arm-none-eabi/lib/thumb/v6-m/nofp/libstdc++.a(eh_personality.o)
 .ARM.extab.text._ZN10__cxxabiv111__terminateEPFvvE
                0x00000000100099ac       0x28 /usr/lib/gcc/arm-none-eabi/10.3.1/../../../arm-none-eabi/lib/thumb/v6-m/nofp/libstdc++.a(eh_terminate.o)
 .ARM.extab.text._ZNK10__cxxabiv120__si_class_type_info12__do_dyncastEiNS_17__class_type_info10__sub_kindEPKS1_PKvS4_S6_RNS1_16__dyncast_resultE
                0x00000000100099d4        0xc /usr/lib/gcc/arm-none-eabi/10.3.1/../../../arm-none-eabi/lib/thumb/v6-m/nofp/libstdc++.a(si_class_type_info.o)
 .ARM.extab.text.unlikely.__cxa_call_unexpected
                0x00000000100099e0       0x28 /usr/lib/gcc/arm-none-eabi/10.3.1/../../../arm-none-eabi/lib/thumb/v6-m/nofp/libstdc++.a(eh_call.o)
 .ARM.extab     0x0000000010009a08       0x24 /usr/lib/gcc/arm-none-eabi/10.3.1/thumb/v6-m/nofp/libgcc.a(unwind-arm.o)
 .ARM.extab     0x0000000010009a2c        0xc /usr/lib/gcc/arm-none-eabi/10.3.1/thumb/v6-m/nofp/libgcc.a(pr-support.o)
                0x0000000010009a38                __exidx_start = .

.ARM.exidx      0x0000000010009a38      0x1b8
 *(.ARM.exidx* .gnu.linkonce.armexidx.*)
 .ARM.exidx.text._Z13gpio_callbackjm
                0x0000000010009a38        0x8 CMakeFiles/jester.dir/jester.cpp.obj
 .ARM.exidx.text.startup.main
                0x0000000010009a40       0x10 CMakeFiles/jester.dir/jester.cpp.obj
                                          0x8 (size before relaxing)
 .ARM.exidx.text.startup._GLOBAL__sub_I__ZN7PicoLed13PicoLedTargetC2EjNS_8DataByteES1_S1_S1_
                0x0000000010009a50        0x0 CMakeFiles/jester.dir/PicoLED/PicoLedTarget.cpp.obj
                                          0x8 (size before relaxing)
 .ARM.exidx.text.startup._GLOBAL__sub_I__ZN7PicoLed17PicoLedControllerC2ESt10shared_ptrINS_13PicoLedTargetEE
                0x0000000010009a50        0x0 CMakeFiles/jester.dir/PicoLED/PicoLedController.cpp.obj
                                          0x8 (size before relaxing)
 .ARM.exidx.text.startup._GLOBAL__sub_I__ZN7PicoLed8PioStripC2EP8pio_hw_tjjjNS_8DataByteES3_S3_S3_
                0x0000000010009a50        0x0 CMakeFiles/jester.dir/PicoLED/PioStrip.cpp.obj
                                          0x8 (size before relaxing)
 .ARM.exidx.text.startup._GLOBAL__sub_I__ZN7PicoLed4FadeC2ERNS_17PicoLedControllerENS_5ColorEd
                0x0000000010009a50        0x0 CMakeFiles/jester.dir/PicoLED/Effects/Fade.cpp.obj
                                          0x8 (size before relaxing)
 .ARM.exidx.text.startup._GLOBAL__sub_I__ZN7PicoLed7MarqueeC2ERNS_17PicoLedControllerESt6vectorINS_5ColorESaIS4_EEdd
                0x0000000010009a50        0x0 CMakeFiles/jester.dir/PicoLED/Effects/Marquee.cpp.obj
                                          0x8 (size before relaxing)
 .ARM.exidx.text.startup._GLOBAL__sub_I__ZN7PicoLed5StarsC2ERNS_17PicoLedControllerENS_5ColorEd
                0x0000000010009a50        0x0 CMakeFiles/jester.dir/PicoLED/Effects/Stars.cpp.obj
                                          0x8 (size before relaxing)
 .ARM.exidx.text.startup._GLOBAL__sub_I__ZN7PicoLed5CometC2ERNS_17PicoLedControllerENS_5ColorEdd
                0x0000000010009a50        0x0 CMakeFiles/jester.dir/PicoLED/Effects/Comet.cpp.obj
                                          0x8 (size before relaxing)
 .ARM.exidx.text.startup._GLOBAL__sub_I__ZN7PicoLed6BounceC2ERNS_17PicoLedControllerEdd
                0x0000000010009a50        0x0 CMakeFiles/jester.dir/PicoLED/Effects/Bounce.cpp.obj
                                          0x8 (size before relaxing)
 .ARM.exidx.text.startup._GLOBAL__sub_I__ZN7PicoLed9ParticlesC2ERNS_17PicoLedControllerESt6vectorINS_5ColorESaIS4_EE
                0x0000000010009a50        0x0 CMakeFiles/jester.dir/PicoLED/Effects/Particles.cpp.obj
                                          0x8 (size before relaxing)
 .ARM.exidx.text._ZNK10__cxxabiv117__class_type_info11__do_upcastEPKS0_PPv
                0x0000000010009a50        0x8 /usr/lib/gcc/arm-none-eabi/10.3.1/../../../arm-none-eabi/lib/thumb/v6-m/nofp/libstdc++.a(class_type_info.o)
 .ARM.exidx.text._ZNK10__cxxabiv117__class_type_info20__do_find_public_srcEiPKvPKS0_S2_
                0x0000000010009a58        0x8 /usr/lib/gcc/arm-none-eabi/10.3.1/../../../arm-none-eabi/lib/thumb/v6-m/nofp/libstdc++.a(class_type_info.o)
 .ARM.exidx.text._ZN10__cxxabiv117__class_type_infoD2Ev
                0x0000000010009a60        0x0 /usr/lib/gcc/arm-none-eabi/10.3.1/../../../arm-none-eabi/lib/thumb/v6-m/nofp/libstdc++.a(class_type_info.o)
                                          0x8 (size before relaxing)
 .ARM.exidx.text._ZN10__cxxabiv117__class_type_infoD0Ev
                0x0000000010009a60        0x0 /usr/lib/gcc/arm-none-eabi/10.3.1/../../../arm-none-eabi/lib/thumb/v6-m/nofp/libstdc++.a(class_type_info.o)
                                          0x8 (size before relaxing)
 .ARM.exidx.text._ZNK10__cxxabiv117__class_type_info12__do_dyncastEiNS0_10__sub_kindEPKS0_PKvS3_S5_RNS0_16__dyncast_resultE
                0x0000000010009a60        0x0 /usr/lib/gcc/arm-none-eabi/10.3.1/../../../arm-none-eabi/lib/thumb/v6-m/nofp/libstdc++.a(class_type_info.o)
                                          0x8 (size before relaxing)
 .ARM.exidx.text._ZNK10__cxxabiv117__class_type_info11__do_upcastEPKS0_PKvRNS0_15__upcast_resultE
                0x0000000010009a60        0x0 /usr/lib/gcc/arm-none-eabi/10.3.1/../../../arm-none-eabi/lib/thumb/v6-m/nofp/libstdc++.a(class_type_info.o)
                                          0x8 (size before relaxing)
 .ARM.exidx.text._ZNK10__cxxabiv117__class_type_info10__do_catchEPKSt9type_infoPPvj
                0x0000000010009a60        0x8 /usr/lib/gcc/arm-none-eabi/10.3.1/../../../arm-none-eabi/lib/thumb/v6-m/nofp/libstdc++.a(class_type_info.o)
 .ARM.exidx.text._ZdlPvj
                0x0000000010009a68        0x8 /usr/lib/gcc/arm-none-eabi/10.3.1/../../../arm-none-eabi/lib/thumb/v6-m/nofp/libstdc++.a(del_ops.o)
 .ARM.exidx.text.__cxa_type_match
                0x0000000010009a70        0x8 /usr/lib/gcc/arm-none-eabi/10.3.1/../../../arm-none-eabi/lib/thumb/v6-m/nofp/libstdc++.a(eh_arm.o)
 .ARM.exidx.text.__cxa_begin_cleanup
                0x0000000010009a78        0x8 /usr/lib/gcc/arm-none-eabi/10.3.1/../../../arm-none-eabi/lib/thumb/v6-m/nofp/libstdc++.a(eh_arm.o)
 .ARM.exidx.text.__gnu_end_cleanup
                0x0000000010009a80        0x0 /usr/lib/gcc/arm-none-eabi/10.3.1/../../../arm-none-eabi/lib/thumb/v6-m/nofp/libstdc++.a(eh_arm.o)
                                          0x8 (size before relaxing)
 .ARM.exidx.text.__cxa_begin_catch
                0x0000000010009a80        0x8 /usr/lib/gcc/arm-none-eabi/10.3.1/../../../arm-none-eabi/lib/thumb/v6-m/nofp/libstdc++.a(eh_catch.o)
 .ARM.exidx.text.__cxa_end_catch
                0x0000000010009a88        0x8 /usr/lib/gcc/arm-none-eabi/10.3.1/../../../arm-none-eabi/lib/thumb/v6-m/nofp/libstdc++.a(eh_catch.o)
 .ARM.exidx.text._ZNSt13bad_exceptionD2Ev
                0x0000000010009a90        0x8 /usr/lib/gcc/arm-none-eabi/10.3.1/../../../arm-none-eabi/lib/thumb/v6-m/nofp/libstdc++.a(eh_exception.o)
 .ARM.exidx.text._ZNKSt13bad_exception4whatEv
                0x0000000010009a98        0x0 /usr/lib/gcc/arm-none-eabi/10.3.1/../../../arm-none-eabi/lib/thumb/v6-m/nofp/libstdc++.a(eh_exception.o)
                                          0x8 (size before relaxing)
 .ARM.exidx.text._ZNSt13bad_exceptionD0Ev
                0x0000000010009a98        0x0 /usr/lib/gcc/arm-none-eabi/10.3.1/../../../arm-none-eabi/lib/thumb/v6-m/nofp/libstdc++.a(eh_exception.o)
                                          0x8 (size before relaxing)
 .ARM.exidx.text.__cxa_get_globals_fast
                0x0000000010009a98        0x0 /usr/lib/gcc/arm-none-eabi/10.3.1/../../../arm-none-eabi/lib/thumb/v6-m/nofp/libstdc++.a(eh_globals.o)
                                          0x8 (size before relaxing)
 .ARM.exidx.text.__cxa_get_globals
                0x0000000010009a98        0x0 /usr/lib/gcc/arm-none-eabi/10.3.1/../../../arm-none-eabi/lib/thumb/v6-m/nofp/libstdc++.a(eh_globals.o)
                                          0x8 (size before relaxing)
 .ARM.exidx.text._ZL28read_encoded_value_with_basehjPKhPj
                0x0000000010009a98        0x8 /usr/lib/gcc/arm-none-eabi/10.3.1/../../../arm-none-eabi/lib/thumb/v6-m/nofp/libstdc++.a(eh_personality.o)
 .ARM.exidx.text._ZL21base_of_encoded_valuehP15_Unwind_Context
                0x0000000010009aa0        0x8 /usr/lib/gcc/arm-none-eabi/10.3.1/../../../arm-none-eabi/lib/thumb/v6-m/nofp/libstdc++.a(eh_personality.o)
 .ARM.exidx.text._ZL17parse_lsda_headerP15_Unwind_ContextPKhP16lsda_header_info
                0x0000000010009aa8        0x8 /usr/lib/gcc/arm-none-eabi/10.3.1/../../../arm-none-eabi/lib/thumb/v6-m/nofp/libstdc++.a(eh_personality.o)
 .ARM.exidx.text.__gxx_personality_v0
                0x0000000010009ab0        0x8 /usr/lib/gcc/arm-none-eabi/10.3.1/../../../arm-none-eabi/lib/thumb/v6-m/nofp/libstdc++.a(eh_personality.o)
 .ARM.exidx.text._ZN10__cxxabiv111__terminateEPFvvE
                0x0000000010009ab8        0x8 /usr/lib/gcc/arm-none-eabi/10.3.1/../../../arm-none-eabi/lib/thumb/v6-m/nofp/libstdc++.a(eh_terminate.o)
 .ARM.exidx.text._ZSt9terminatev
                0x0000000010009ac0        0x8 /usr/lib/gcc/arm-none-eabi/10.3.1/../../../arm-none-eabi/lib/thumb/v6-m/nofp/libstdc++.a(eh_terminate.o)
 .ARM.exidx.text._ZN10__cxxabiv112__unexpectedEPFvvE
                0x0000000010009ac8        0x8 /usr/lib/gcc/arm-none-eabi/10.3.1/../../../arm-none-eabi/lib/thumb/v6-m/nofp/libstdc++.a(eh_terminate.o)
 .ARM.exidx.text._ZSt10unexpectedv
                0x0000000010009ad0        0x0 /usr/lib/gcc/arm-none-eabi/10.3.1/../../../arm-none-eabi/lib/thumb/v6-m/nofp/libstdc++.a(eh_terminate.o)
                                          0x8 (size before relaxing)
 .ARM.exidx.text._ZSt13get_terminatev
                0x0000000010009ad0        0x8 /usr/lib/gcc/arm-none-eabi/10.3.1/../../../arm-none-eabi/lib/thumb/v6-m/nofp/libstdc++.a(eh_terminate.o)
 .ARM.exidx.text._ZSt14get_unexpectedv
                0x0000000010009ad8        0x0 /usr/lib/gcc/arm-none-eabi/10.3.1/../../../arm-none-eabi/lib/thumb/v6-m/nofp/libstdc++.a(eh_terminate.o)
                                          0x8 (size before relaxing)
 .ARM.exidx.text._ZL23__gxx_exception_cleanup19_Unwind_Reason_CodeP21_Unwind_Control_Block
                0x0000000010009ad8        0x8 /usr/lib/gcc/arm-none-eabi/10.3.1/../../../arm-none-eabi/lib/thumb/v6-m/nofp/libstdc++.a(eh_throw.o)
 .ARM.exidx.text.__cxa_init_primary_exception
                0x0000000010009ae0        0x8 /usr/lib/gcc/arm-none-eabi/10.3.1/../../../arm-none-eabi/lib/thumb/v6-m/nofp/libstdc++.a(eh_throw.o)
 .ARM.exidx.text.__cxa_throw
                0x0000000010009ae8        0x8 /usr/lib/gcc/arm-none-eabi/10.3.1/../../../arm-none-eabi/lib/thumb/v6-m/nofp/libstdc++.a(eh_throw.o)
 .ARM.exidx.text.__cxa_rethrow
                0x0000000010009af0        0x8 /usr/lib/gcc/arm-none-eabi/10.3.1/../../../arm-none-eabi/lib/thumb/v6-m/nofp/libstdc++.a(eh_throw.o)
 .ARM.exidx.text._ZN10__cxxabiv120__si_class_type_infoD2Ev
                0x0000000010009af8        0x8 /usr/lib/gcc/arm-none-eabi/10.3.1/../../../arm-none-eabi/lib/thumb/v6-m/nofp/libstdc++.a(si_class_type_info.o)
 .ARM.exidx.text._ZN10__cxxabiv120__si_class_type_infoD0Ev
                0x0000000010009b00        0x0 /usr/lib/gcc/arm-none-eabi/10.3.1/../../../arm-none-eabi/lib/thumb/v6-m/nofp/libstdc++.a(si_class_type_info.o)
                                          0x8 (size before relaxing)
 .ARM.exidx.text._ZNK10__cxxabiv120__si_class_type_info20__do_find_public_srcEiPKvPKNS_17__class_type_infoES2_
                0x0000000010009b00        0x8 /usr/lib/gcc/arm-none-eabi/10.3.1/../../../arm-none-eabi/lib/thumb/v6-m/nofp/libstdc++.a(si_class_type_info.o)
 .ARM.exidx.text._ZNK10__cxxabiv120__si_class_type_info12__do_dyncastEiNS_17__class_type_info10__sub_kindEPKS1_PKvS4_S6_RNS1_16__dyncast_resultE
                0x0000000010009b08        0x8 /usr/lib/gcc/arm-none-eabi/10.3.1/../../../arm-none-eabi/lib/thumb/v6-m/nofp/libstdc++.a(si_class_type_info.o)
 .ARM.exidx.text._ZNK10__cxxabiv120__si_class_type_info11__do_upcastEPKNS_17__class_type_infoEPKvRNS1_15__upcast_resultE